Archive member included to satisfy reference by file (symbol)

/usr/lib/gcc/arm-none-eabi/8.3.1/thumb/v6-m/nofp/libgcc.a(_dvmd_tls.o)
                              CMakeFiles/pipicogpsclock.dir/root/pico/pico-sdk/src/rp2_common/pico_divider/divider.S.obj (__aeabi_idiv0)
/usr/lib/gcc/arm-none-eabi/8.3.1/../../../arm-none-eabi/lib/thumb/v6-m/nofp/libc.a(lib_a-atexit.o)
                              /usr/lib/gcc/arm-none-eabi/8.3.1/../../../arm-none-eabi/lib/thumb/v6-m/nofp/crt0.o (atexit)
/usr/lib/gcc/arm-none-eabi/8.3.1/../../../arm-none-eabi/lib/thumb/v6-m/nofp/libc.a(lib_a-calloc.o)
                              CMakeFiles/pipicogpsclock.dir/root/pico/pico-sdk/src/rp2_common/pico_malloc/pico_malloc.c.obj (calloc)
/usr/lib/gcc/arm-none-eabi/8.3.1/../../../arm-none-eabi/lib/thumb/v6-m/nofp/libc.a(lib_a-callocr.o)
                              /usr/lib/gcc/arm-none-eabi/8.3.1/../../../arm-none-eabi/lib/thumb/v6-m/nofp/libc.a(lib_a-calloc.o) (_calloc_r)
/usr/lib/gcc/arm-none-eabi/8.3.1/../../../arm-none-eabi/lib/thumb/v6-m/nofp/libc.a(lib_a-fini.o)
                              /usr/lib/gcc/arm-none-eabi/8.3.1/../../../arm-none-eabi/lib/thumb/v6-m/nofp/crt0.o (__libc_fini_array)
/usr/lib/gcc/arm-none-eabi/8.3.1/../../../arm-none-eabi/lib/thumb/v6-m/nofp/libc.a(lib_a-impure.o)
                              /usr/lib/gcc/arm-none-eabi/8.3.1/../../../arm-none-eabi/lib/thumb/v6-m/nofp/libc.a(lib_a-calloc.o) (_impure_ptr)
/usr/lib/gcc/arm-none-eabi/8.3.1/../../../arm-none-eabi/lib/thumb/v6-m/nofp/libc.a(lib_a-init.o)
                              /usr/lib/gcc/arm-none-eabi/8.3.1/../../../arm-none-eabi/lib/thumb/v6-m/nofp/crt0.o (__libc_init_array)
/usr/lib/gcc/arm-none-eabi/8.3.1/../../../arm-none-eabi/lib/thumb/v6-m/nofp/libc.a(lib_a-malloc.o)
                              CMakeFiles/pipicogpsclock.dir/root/pico/pico-sdk/src/rp2_common/pico_malloc/pico_malloc.c.obj (malloc)
/usr/lib/gcc/arm-none-eabi/8.3.1/../../../arm-none-eabi/lib/thumb/v6-m/nofp/libc.a(lib_a-mallocr.o)
                              /usr/lib/gcc/arm-none-eabi/8.3.1/../../../arm-none-eabi/lib/thumb/v6-m/nofp/libc.a(lib_a-callocr.o) (_malloc_r)
/usr/lib/gcc/arm-none-eabi/8.3.1/../../../arm-none-eabi/lib/thumb/v6-m/nofp/libc.a(lib_a-mlock.o)
                              /usr/lib/gcc/arm-none-eabi/8.3.1/../../../arm-none-eabi/lib/thumb/v6-m/nofp/libc.a(lib_a-mallocr.o) (__malloc_lock)
/usr/lib/gcc/arm-none-eabi/8.3.1/../../../arm-none-eabi/lib/thumb/v6-m/nofp/libc.a(lib_a-realloc.o)
                              CMakeFiles/pipicogpsclock.dir/root/pico/pico-sdk/src/rp2_common/pico_malloc/pico_malloc.c.obj (realloc)
/usr/lib/gcc/arm-none-eabi/8.3.1/../../../arm-none-eabi/lib/thumb/v6-m/nofp/libc.a(lib_a-reallocr.o)
                              /usr/lib/gcc/arm-none-eabi/8.3.1/../../../arm-none-eabi/lib/thumb/v6-m/nofp/libc.a(lib_a-realloc.o) (_realloc_r)
/usr/lib/gcc/arm-none-eabi/8.3.1/../../../arm-none-eabi/lib/thumb/v6-m/nofp/libc.a(lib_a-sbrkr.o)
                              /usr/lib/gcc/arm-none-eabi/8.3.1/../../../arm-none-eabi/lib/thumb/v6-m/nofp/libc.a(lib_a-mallocr.o) (_sbrk_r)
/usr/lib/gcc/arm-none-eabi/8.3.1/../../../arm-none-eabi/lib/thumb/v6-m/nofp/libc.a(lib_a-strlen-stub.o)
                              CMakeFiles/pipicogpsclock.dir/root/pico/pico-sdk/src/rp2_common/pico_stdio/stdio.c.obj (strlen)
/usr/lib/gcc/arm-none-eabi/8.3.1/../../../arm-none-eabi/lib/thumb/v6-m/nofp/libc.a(lib_a-strncpy.o)
                              CMakeFiles/pipicogpsclock.dir/pipicogpsclock.c.obj (strncpy)
/usr/lib/gcc/arm-none-eabi/8.3.1/../../../arm-none-eabi/lib/thumb/v6-m/nofp/libc.a(lib_a-strstr.o)
                              CMakeFiles/pipicogpsclock.dir/pipicogpsclock.c.obj (strstr)
/usr/lib/gcc/arm-none-eabi/8.3.1/../../../arm-none-eabi/lib/thumb/v6-m/nofp/libc.a(lib_a-strtol.o)
                              CMakeFiles/pipicogpsclock.dir/pipicogpsclock.c.obj (strtol)
/usr/lib/gcc/arm-none-eabi/8.3.1/../../../arm-none-eabi/lib/thumb/v6-m/nofp/libc.a(lib_a-__atexit.o)
                              /usr/lib/gcc/arm-none-eabi/8.3.1/../../../arm-none-eabi/lib/thumb/v6-m/nofp/libc.a(lib_a-atexit.o) (__register_exitproc)
/usr/lib/gcc/arm-none-eabi/8.3.1/../../../arm-none-eabi/lib/thumb/v6-m/nofp/libc.a(lib_a-ctype_.o)
                              /usr/lib/gcc/arm-none-eabi/8.3.1/../../../arm-none-eabi/lib/thumb/v6-m/nofp/libc.a(lib_a-strtol.o) (_ctype_)
/usr/lib/gcc/arm-none-eabi/8.3.1/../../../arm-none-eabi/lib/thumb/v6-m/nofp/libc.a(lib_a-errno.o)
                              /usr/lib/gcc/arm-none-eabi/8.3.1/../../../arm-none-eabi/lib/thumb/v6-m/nofp/libc.a(lib_a-strtol.o) (__errno)
/usr/lib/gcc/arm-none-eabi/8.3.1/../../../arm-none-eabi/lib/thumb/v6-m/nofp/libc.a(lib_a-freer.o)
                              /usr/lib/gcc/arm-none-eabi/8.3.1/../../../arm-none-eabi/lib/thumb/v6-m/nofp/libc.a(lib_a-malloc.o) (_free_r)
/usr/lib/gcc/arm-none-eabi/8.3.1/../../../arm-none-eabi/lib/thumb/v6-m/nofp/libc.a(lib_a-memcmp.o)
[...]
Memory Configuration

Name             Origin             Length             Attributes
FLASH            0x0000000010000000 0x0000000000200000 xr
RAM              0x0000000020000000 0x0000000000040000 xrw
SCRATCH_X        0x0000000020040000 0x0000000000001000 xrw
SCRATCH_Y        0x0000000020041000 0x0000000000001000 xrw
*default*        0x0000000000000000 0xffffffffffffffff

Linker script and memory map

LOAD /usr/lib/gcc/arm-none-eabi/8.3.1/thumb/v6-m/nofp/crti.o
LOAD /usr/lib/gcc/arm-none-eabi/8.3.1/thumb/v6-m/nofp/crtbegin.o
LOAD /usr/lib/gcc/arm-none-eabi/8.3.1/../../../arm-none-eabi/lib/thumb/v6-m/nofp/crt0.o

.flash_begin    0x0000000010000000        0x0
                0x0000000010000000                __flash_binary_start = .

.boot2          0x0000000010000000      0x100
                0x0000000010000000                __boot2_start__ = .
 *(.boot2)
 .boot2         0x0000000010000000      0x100 /tmp/ccaWdwFP.o
                0x0000000010000100                __boot2_end__ = .
                0x0000000000000001                ASSERT (((__boot2_end__ - __boot2_start__) == 0x100), ERROR: Pico second stage bootloader must be 256 bytes in size)

.text           0x0000000010000100     0x5188
                0x0000000010000100                __logical_binary_start = .
 *(.vectors)
 .vectors       0x0000000010000100       0xd4 CMakeFiles/pipicogpsclock.dir/root/pico/pico-sdk/src/rp2_common/pico_standard_link/crt0.S.obj
                0x0000000010000100                __vectors
                0x0000000010000100                __VECTOR_TABLE
                0x00000000100001c0                isr_invalid
                0x00000000100001c0                __default_isrs_start
                0x00000000100001c2                isr_nmi
                0x00000000100001c4                isr_hardfault
                0x00000000100001c6                isr_svcall
                0x00000000100001c8                isr_pendsv
                0x00000000100001ca                isr_systick
                0x00000000100001cc                isr_irq30
                0x00000000100001cc                __unhandled_user_irq
                0x00000000100001cc                isr_irq13
                0x00000000100001cc                isr_irq27
                0x00000000100001cc                isr_irq31
                0x00000000100001cc                isr_irq5
                0x00000000100001cc                isr_irq11
                0x00000000100001cc                isr_irq23
                0x00000000100001cc                isr_irq18
                0x00000000100001cc                isr_irq28
                0x00000000100001cc                isr_irq19
                0x00000000100001cc                isr_irq0
                0x00000000100001cc                isr_irq6
                0x00000000100001cc                isr_irq22
                0x00000000100001cc                isr_irq17
                0x00000000100001cc                isr_irq14
                0x00000000100001cc                isr_irq2
                0x00000000100001cc                isr_irq10
                0x00000000100001cc                isr_irq8
                0x00000000100001cc                isr_irq24
                0x00000000100001cc                isr_irq1
                0x00000000100001cc                isr_irq7
                0x00000000100001cc                isr_irq21
                0x00000000100001cc                isr_irq20
                0x00000000100001cc                isr_irq15
                0x00000000100001cc                isr_irq25
                0x00000000100001cc                isr_irq4
                0x00000000100001cc                isr_irq16
                0x00000000100001cc                isr_irq29
                0x00000000100001cc                isr_irq26
                0x00000000100001cc                __default_isrs_end
                0x00000000100001cc                isr_irq3
                0x00000000100001cc                isr_irq12
                0x00000000100001cc                isr_irq9
                0x00000000100001d2                unhandled_user_irq_num_in_r0
 *(.binary_info_header)
 .binary_info_header
                0x00000000100001d4       0x14 CMakeFiles/pipicogpsclock.dir/root/pico/pico-sdk/src/rp2_common/pico_standard_link/crt0.S.obj
                0x00000000100001e8                __binary_info_header_end = .
 *(.reset)
 .reset         0x00000000100001e8       0xa8 CMakeFiles/pipicogpsclock.dir/root/pico/pico-sdk/src/rp2_common/pico_standard_link/crt0.S.obj
                0x00000000100001e8                _entry_point
                0x0000000010000266                __get_current_exception
 .reset         0x0000000010000290       0x30 CMakeFiles/pipicogpsclock.dir/root/pico/pico-sdk/src/rp2_common/pico_standard_link/binary_info.c.obj
 *(.init)
 .init          0x00000000100002c0        0x4 /usr/lib/gcc/arm-none-eabi/8.3.1/thumb/v6-m/nofp/crti.o
                0x00000000100002c0                _init
 *(EXCLUDE_FILE(*libm.a: *libc.a:*lib_a-mem*.o *libgcc.a:) .text*)
 .text          0x00000000100002c4       0x98 /usr/lib/gcc/arm-none-eabi/8.3.1/thumb/v6-m/nofp/crtbegin.o
 .text.write_register_all
                0x000000001000035c       0x40 CMakeFiles/pipicogpsclock.dir/pipicogpsclock.c.obj
 .text.write_register_all.constprop.0
                0x000000001000039c       0x40 CMakeFiles/pipicogpsclock.dir/pipicogpsclock.c.obj
 .text.startup.main
                0x00000000100003dc      0x4d8 CMakeFiles/pipicogpsclock.dir/pipicogpsclock.c.obj
                0x00000000100003dc                main
 .text.gpio_set_function
                0x00000000100008b4       0x30 CMakeFiles/pipicogpsclock.dir/root/pico/pico-sdk/src/rp2_common/hardware_gpio/gpio.c.obj
                0x00000000100008b4                gpio_set_function
 .text.gpio_init
                0x00000000100008e4       0x3c CMakeFiles/pipicogpsclock.dir/root/pico/pico-sdk/src/rp2_common/hardware_gpio/gpio.c.obj
                0x00000000100008e4                gpio_init
 .text.hw_claim_or_assert
                0x0000000010000920       0x44 CMakeFiles/pipicogpsclock.dir/root/pico/pico-sdk/src/rp2_common/hardware_claim/claim.c.obj
                0x0000000010000920                hw_claim_or_assert
 .text.running_on_fpga
                0x0000000010000964       0x10 CMakeFiles/pipicogpsclock.dir/root/pico/pico-sdk/src/rp2_common/pico_platform/platform.c.obj
                0x0000000010000964                running_on_fpga
 .text.spin_locks_reset
                0x0000000010000974       0x1c CMakeFiles/pipicogpsclock.dir/root/pico/pico-sdk/src/rp2_common/hardware_sync/sync.c.obj
                0x0000000010000974                spin_locks_reset
 .text.next_striped_spin_lock_num
                0x0000000010000990       0x18 CMakeFiles/pipicogpsclock.dir/root/pico/pico-sdk/src/rp2_common/hardware_sync/sync.c.obj
                0x0000000010000990                next_striped_spin_lock_num
 .text.irq_set_enabled
                0x00000000100009a8       0x24 CMakeFiles/pipicogpsclock.dir/root/pico/pico-sdk/src/rp2_common/hardware_irq/irq.c.obj
                0x00000000100009a8                irq_set_enabled
 .text.irq_get_vtable_handler
                0x00000000100009cc       0x10 CMakeFiles/pipicogpsclock.dir/root/pico/pico-sdk/src/rp2_common/hardware_irq/irq.c.obj
                0x00000000100009cc                irq_get_vtable_handler
 .text.irq_set_exclusive_handler
                0x00000000100009dc       0x54 CMakeFiles/pipicogpsclock.dir/root/pico/pico-sdk/src/rp2_common/hardware_irq/irq.c.obj
                0x00000000100009dc                irq_set_exclusive_handler
 .text.irq_remove_handler
                0x0000000010000a30      0x1b4 CMakeFiles/pipicogpsclock.dir/root/pico/pico-sdk/src/rp2_common/hardware_irq/irq.c.obj
                0x0000000010000a30                irq_remove_handler
 .text.irq_add_tail_to_free_list
                0x0000000010000be4       0xb4 CMakeFiles/pipicogpsclock.dir/root/pico/pico-sdk/src/rp2_common/hardware_irq/irq.c.obj
                0x0000000010000be4                irq_add_tail_to_free_list
 .text.irq_init_priorities
                0x0000000010000c98       0x24 CMakeFiles/pipicogpsclock.dir/root/pico/pico-sdk/src/rp2_common/hardware_irq/irq.c.obj
                0x0000000010000c98                irq_init_priorities
 .text.lock_init
                0x0000000010000cbc       0x10 CMakeFiles/pipicogpsclock.dir/root/pico/pico-sdk/src/common/pico_sync/lock_core.c.obj
                0x0000000010000cbc                lock_init
 .text.timer_pool_entry_comparator
                0x0000000010000ccc       0x34 CMakeFiles/pipicogpsclock.dir/root/pico/pico-sdk/src/common/pico_time/time.c.obj
                0x0000000010000ccc                timer_pool_entry_comparator
 .text.sleep_until_callback
                0x0000000010000d00       0x30 CMakeFiles/pipicogpsclock.dir/root/pico/pico-sdk/src/common/pico_time/time.c.obj
 .text.add_alarm_under_lock
                0x0000000010000d30      0x114 CMakeFiles/pipicogpsclock.dir/root/pico/pico-sdk/src/common/pico_time/time.c.obj
 .text.alarm_pool_alarm_callback
                0x0000000010000e44      0x1d0 CMakeFiles/pipicogpsclock.dir/root/pico/pico-sdk/src/common/pico_time/time.c.obj
 .text.alarm_pool_init_default
                0x0000000010001014       0x64 CMakeFiles/pipicogpsclock.dir/root/pico/pico-sdk/src/common/pico_time/time.c.obj
                0x0000000010001014                alarm_pool_init_default
 .text.alarm_pool_add_alarm_at
                0x0000000010001078      0x19c CMakeFiles/pipicogpsclock.dir/root/pico/pico-sdk/src/common/pico_time/time.c.obj
                0x0000000010001078                alarm_pool_add_alarm_at
 .text.sleep_until
                0x0000000010001214       0xc4 CMakeFiles/pipicogpsclock.dir/root/pico/pico-sdk/src/common/pico_time/time.c.obj
                0x0000000010001214                sleep_until
 .text.sleep_ms
                0x00000000100012d8       0x38 CMakeFiles/pipicogpsclock.dir/root/pico/pico-sdk/src/common/pico_time/time.c.obj
                0x00000000100012d8                sleep_ms
 .text.hardware_alarm_irq_handler
                0x0000000010001310       0xb0 CMakeFiles/pipicogpsclock.dir/root/pico/pico-sdk/src/rp2_common/hardware_timer/timer.c.obj
 .text.hardware_alarm_claim
                0x00000000100013c0       0x18 CMakeFiles/pipicogpsclock.dir/root/pico/pico-sdk/src/rp2_common/hardware_timer/timer.c.obj
                0x00000000100013c0                hardware_alarm_claim
 .text.time_us_64
                0x00000000100013d8       0x18 CMakeFiles/pipicogpsclock.dir/root/pico/pico-sdk/src/rp2_common/hardware_timer/timer.c.obj
                0x00000000100013d8                time_us_64
 .text.busy_wait_until
                0x00000000100013f0       0x20 CMakeFiles/pipicogpsclock.dir/root/pico/pico-sdk/src/rp2_common/hardware_timer/timer.c.obj
                0x00000000100013f0                busy_wait_until
 .text.hardware_alarm_set_callback
                0x0000000010001410       0x8c CMakeFiles/pipicogpsclock.dir/root/pico/pico-sdk/src/rp2_common/hardware_timer/timer.c.obj
                0x0000000010001410                hardware_alarm_set_callback
 .text.hardware_alarm_set_target
                0x000000001000149c       0xe8 CMakeFiles/pipicogpsclock.dir/root/pico/pico-sdk/src/rp2_common/hardware_timer/timer.c.obj
                0x000000001000149c                hardware_alarm_set_target
 .text.hardware_alarm_cancel
                0x0000000010001584       0x40 CMakeFiles/pipicogpsclock.dir/root/pico/pico-sdk/src/rp2_common/hardware_timer/timer.c.obj
                0x0000000010001584                hardware_alarm_cancel
 .text.ph_merge_nodes
                0x00000000100015c4       0x5c CMakeFiles/pipicogpsclock.dir/root/pico/pico-sdk/src/common/pico_util/pheap.c.obj
 .text.ph_post_alloc_init
                0x0000000010001620      0x1b8 CMakeFiles/pipicogpsclock.dir/root/pico/pico-sdk/src/common/pico_util/pheap.c.obj
                0x0000000010001620                ph_post_alloc_init
 .text.ph_merge_two_pass
                0x00000000100017d8       0x4c CMakeFiles/pipicogpsclock.dir/root/pico/pico-sdk/src/common/pico_util/pheap.c.obj
                0x00000000100017d8                ph_merge_two_pass
 .text.ph_remove_any_head
                0x0000000010001824      0x1b8 CMakeFiles/pipicogpsclock.dir/root/pico/pico-sdk/src/common/pico_util/pheap.c.obj
 .text.ph_remove_head
                0x00000000100019dc      0x1bc CMakeFiles/pipicogpsclock.dir/root/pico/pico-sdk/src/common/pico_util/pheap.c.obj
                0x00000000100019dc                ph_remove_head
 .text.ph_remove_and_free_node
                0x0000000010001b98       0x7c CMakeFiles/pipicogpsclock.dir/root/pico/pico-sdk/src/common/pico_util/pheap.c.obj
                0x0000000010001b98                ph_remove_and_free_node
 .text.mutex_init
                0x0000000010001c14       0x1c CMakeFiles/pipicogpsclock.dir/root/pico/pico-sdk/src/common/pico_sync/mutex.c.obj
                0x0000000010001c14                mutex_init
 .text.recursive_mutex_init
                0x0000000010001c30       0x1c CMakeFiles/pipicogpsclock.dir/root/pico/pico-sdk/src/common/pico_sync/mutex.c.obj
                0x0000000010001c30                recursive_mutex_init
 .text.uart_init
                0x0000000010001c4c       0xe4 CMakeFiles/pipicogpsclock.dir/root/pico/pico-sdk/src/rp2_common/hardware_uart/uart.c.obj
                0x0000000010001c4c                uart_init
 .text.runtime_init
                0x0000000010001d30       0xf4 CMakeFiles/pipicogpsclock.dir/root/pico/pico-sdk/src/rp2_common/pico_runtime/runtime.c.obj
                0x0000000010001d30                runtime_init
 .text.exit     0x0000000010001e24        0x4 CMakeFiles/pipicogpsclock.dir/root/pico/pico-sdk/src/rp2_common/pico_runtime/runtime.c.obj
                0x0000000010001e24                exit
 .text.panic    0x0000000010001e28       0x30 CMakeFiles/pipicogpsclock.dir/root/pico/pico-sdk/src/rp2_common/pico_runtime/runtime.c.obj
                0x0000000010001e28                panic
 .text.hard_assertion_failure
                0x0000000010001e58        0xc CMakeFiles/pipicogpsclock.dir/root/pico/pico-sdk/src/rp2_common/pico_runtime/runtime.c.obj
                0x0000000010001e58                hard_assertion_failure
 .text.clocks_init
                0x0000000010001e64      0x2c0 CMakeFiles/pipicogpsclock.dir/root/pico/pico-sdk/src/rp2_common/hardware_clocks/clocks.c.obj
                0x0000000010001e64                clocks_init
 .text.clock_get_hz
                0x0000000010002124        0xc CMakeFiles/pipicogpsclock.dir/root/pico/pico-sdk/src/rp2_common/hardware_clocks/clocks.c.obj
                0x0000000010002124                clock_get_hz
 .text.pll_init
                0x0000000010002130       0xa8 CMakeFiles/pipicogpsclock.dir/root/pico/pico-sdk/src/rp2_common/hardware_pll/pll.c.obj
                0x0000000010002130                pll_init
 .text.watchdog_start_tick
                0x00000000100021d8       0x10 CMakeFiles/pipicogpsclock.dir/root/pico/pico-sdk/src/rp2_common/hardware_watchdog/watchdog.c.obj
                0x00000000100021d8                watchdog_start_tick
 .text.xosc_init
                0x00000000100021e8       0x28 CMakeFiles/pipicogpsclock.dir/root/pico/pico-sdk/src/rp2_common/hardware_xosc/xosc.c.obj
                0x00000000100021e8                xosc_init
 .text._out_buffer
                0x0000000010002210        0x8 CMakeFiles/pipicogpsclock.dir/root/pico/pico-sdk/src/rp2_common/pico_printf/printf.c.obj
 .text._out_null
                0x0000000010002218        0x4 CMakeFiles/pipicogpsclock.dir/root/pico/pico-sdk/src/rp2_common/pico_printf/printf.c.obj
 .text._out_rev
                0x000000001000221c       0x9c CMakeFiles/pipicogpsclock.dir/root/pico/pico-sdk/src/rp2_common/pico_printf/printf.c.obj
 .text._ntoa_format
                0x00000000100022b8      0x1c8 CMakeFiles/pipicogpsclock.dir/root/pico/pico-sdk/src/rp2_common/pico_printf/printf.c.obj
 .text._out_char
                0x0000000010002480       0x10 CMakeFiles/pipicogpsclock.dir/root/pico/pico-sdk/src/rp2_common/pico_printf/printf.c.obj
 .text._etoa    0x0000000010002490      0x45c CMakeFiles/pipicogpsclock.dir/root/pico/pico-sdk/src/rp2_common/pico_printf/printf.c.obj
 .text._ftoa    0x00000000100028ec      0x4c0 CMakeFiles/pipicogpsclock.dir/root/pico/pico-sdk/src/rp2_common/pico_printf/printf.c.obj
 .text._vsnprintf
                0x0000000010002dac      0xad0 CMakeFiles/pipicogpsclock.dir/root/pico/pico-sdk/src/rp2_common/pico_printf/printf.c.obj
 .text.__wrap_sprintf
                0x000000001000387c       0x28 CMakeFiles/pipicogpsclock.dir/root/pico/pico-sdk/src/rp2_common/pico_printf/printf.c.obj
                0x000000001000387c                __wrap_sprintf
 .text.weak_raw_vprintf
                0x00000000100038a4       0x30 CMakeFiles/pipicogpsclock.dir/root/pico/pico-sdk/src/rp2_common/pico_printf/printf.c.obj
                0x00000000100038a4                weak_raw_vprintf
 .text          0x00000000100038d4       0x10 CMakeFiles/pipicogpsclock.dir/root/pico/pico-sdk/src/rp2_common/pico_bit_ops/bit_ops_aeabi.S.obj
 .text.rom_func_lookup
                0x00000000100038e4       0x10 CMakeFiles/pipicogpsclock.dir/root/pico/pico-sdk/src/rp2_common/pico_bootrom/bootrom.c.obj
                0x00000000100038e4                rom_func_lookup
 .text.rom_data_lookup
                0x00000000100038f4       0x10 CMakeFiles/pipicogpsclock.dir/root/pico/pico-sdk/src/rp2_common/pico_bootrom/bootrom.c.obj
                0x00000000100038f4                rom_data_lookup
 .text.rom_funcs_lookup
                0x0000000010003904       0x3c CMakeFiles/pipicogpsclock.dir/root/pico/pico-sdk/src/rp2_common/pico_bootrom/bootrom.c.obj
                0x0000000010003904                rom_funcs_lookup
 .text.__wrap___aeabi_idiv
                0x0000000010003940       0x50 CMakeFiles/pipicogpsclock.dir/root/pico/pico-sdk/src/rp2_common/pico_divider/divider.S.obj
                0x0000000010003940                __wrap___aeabi_idivmod
                0x0000000010003940                divmod_s32s32
                0x0000000010003940                div_s32s32
                0x0000000010003940                __wrap___aeabi_idiv
                0x0000000010003948                divmod_s32s32_unsafe
                0x0000000010003974                divmod_s32s32_savestate
 .text.__wrap___aeabi_uidiv
                0x0000000010003990       0x4c CMakeFiles/pipicogpsclock.dir/root/pico/pico-sdk/src/rp2_common/pico_divider/divider.S.obj
                0x0000000010003990                __wrap___aeabi_uidiv
                0x0000000010003990                __wrap___aeabi_uidivmod
                0x0000000010003990                div_u32u32
                0x0000000010003990                divmod_u32u32
                0x0000000010003998                divmod_u32u32_unsafe
                0x00000000100039c0                divmod_u32u32_savestate
 .text.__wrap___aeabi_ldiv
                0x00000000100039dc      0x434 CMakeFiles/pipicogpsclock.dir/root/pico/pico-sdk/src/rp2_common/pico_divider/divider.S.obj
                0x00000000100039dc                div_s64s64
                0x00000000100039dc                divmod_s64s64
                0x00000000100039dc                __wrap___aeabi_ldivmod
                0x0000000010003a14                div_u64u64
                0x0000000010003a14                divmod_u64u64
                0x0000000010003a14                __wrap___aeabi_uldivmod
                0x0000000010003a24                divmod_u64u64_savestate
                0x0000000010003a4c                divmod_s64s64_unsafe
                0x0000000010003ad4                divmod_u64u64_unsafe
 .text.__wrap___aeabi_darithmetic
                0x0000000010003e10       0x80 CMakeFiles/pipicogpsclock.dir/root/pico/pico-sdk/src/rp2_common/pico_double/double_aeabi.S.obj
                0x0000000010003e10                __wrap___aeabi_drsub
                0x0000000010003e16                __wrap___aeabi_dsub
                0x0000000010003e28                __wrap___aeabi_dadd
                0x0000000010003e3a                __wrap___aeabi_ddiv
                0x0000000010003e76                __wrap___aeabi_dmul
 .text.__wrap___aeabi_cdcmple
                0x0000000010003e90       0x6c CMakeFiles/pipicogpsclock.dir/root/pico/pico-sdk/src/rp2_common/pico_double/double_aeabi.S.obj
                0x0000000010003e90                __wrap___aeabi_cdrcmple
                0x0000000010003ea0                __wrap___aeabi_cdcmple
                0x0000000010003ea0                __wrap___aeabi_cdcmpeq
 .text.__wrap___aeabi_dcmplt
                0x0000000010003efc        0xc CMakeFiles/pipicogpsclock.dir/root/pico/pico-sdk/src/rp2_common/pico_double/double_aeabi.S.obj
                0x0000000010003efc                __wrap___aeabi_dcmplt
 .text.__wrap___aeabi_dcmpge
                0x0000000010003f08       0x10 CMakeFiles/pipicogpsclock.dir/root/pico/pico-sdk/src/rp2_common/pico_double/double_aeabi.S.obj
                0x0000000010003f08                __wrap___aeabi_dcmpge
 .text.__wrap___aeabi_dcmpgt
                0x0000000010003f18        0xa CMakeFiles/pipicogpsclock.dir/root/pico/pico-sdk/src/rp2_common/pico_double/double_aeabi.S.obj
                0x0000000010003f18                __wrap___aeabi_dcmpgt
 .text.__wrap___aeabi_dcmpun
                0x0000000010003f22       0x1c CMakeFiles/pipicogpsclock.dir/root/pico/pico-sdk/src/rp2_common/pico_double/double_aeabi.S.obj
                0x0000000010003f22                __wrap___aeabi_dcmpun
 *fill*         0x0000000010003f3e        0x2 
 .text.__wrap___aeabi_i2d
                0x0000000010003f40       0x38 CMakeFiles/pipicogpsclock.dir/root/pico/pico-sdk/src/rp2_common/pico_double/double_aeabi.S.obj
                0x0000000010003f40                __wrap___aeabi_ui2d
                0x0000000010003f48                __wrap___aeabi_i2d
 .text.__wrap___aeabi_d2iz
                0x0000000010003f78       0x48 CMakeFiles/pipicogpsclock.dir/root/pico/pico-sdk/src/rp2_common/pico_double/double_aeabi.S.obj
                0x0000000010003f78                __wrap___aeabi_d2iz
                0x0000000010003f78                double2int_z
 .text.__wrap___aeabi_d2uiz
                0x0000000010003fc0       0x18 CMakeFiles/pipicogpsclock.dir/root/pico/pico-sdk/src/rp2_common/pico_double/double_aeabi.S.obj
                0x0000000010003fc0                double2uint
                0x0000000010003fc0                __wrap___aeabi_d2uiz
 .text.__aeabi_double_init
                0x0000000010003fd8       0xbc CMakeFiles/pipicogpsclock.dir/root/pico/pico-sdk/src/rp2_common/pico_double/double_init_rom.c.obj
                0x0000000010003fd8                __aeabi_double_init
 .text.double_table_shim_on_use_helper
                0x0000000010004094       0x2c CMakeFiles/pipicogpsclock.dir/root/pico/pico-sdk/src/rp2_common/pico_double/double_v1_rom_shim.S.obj
                0x0000000010004094                double_table_shim_on_use_helper
 .text.__wrap___aeabi_dsub
                0x00000000100040c0       0x10 CMakeFiles/pipicogpsclock.dir/root/pico/pico-sdk/src/rp2_common/pico_double/double_v1_rom_shim.S.obj
                0x00000000100040c0                drsub_shim
                0x00000000100040c6                dsub_shim
 .text.dadd_shim
                0x00000000100040d0      0x15c CMakeFiles/pipicogpsclock.dir/root/pico/pico-sdk/src/rp2_common/pico_double/double_v1_rom_shim.S.obj
                0x00000000100040d0                dadd_shim
 .text.dmul_shim
                0x000000001000422c      0x15c CMakeFiles/pipicogpsclock.dir/root/pico/pico-sdk/src/rp2_common/pico_double/double_v1_rom_shim.S.obj
                0x000000001000422c                dmul_shim
 .text.ddiv_shim
                0x0000000010004388      0x1b0 CMakeFiles/pipicogpsclock.dir/root/pico/pico-sdk/src/rp2_common/pico_double/double_v1_rom_shim.S.obj
                0x0000000010004388                ddiv_shim
 .text.double2uint_shim
                0x0000000010004538        0xe CMakeFiles/pipicogpsclock.dir/root/pico/pico-sdk/src/rp2_common/pico_double/double_v1_rom_shim.S.obj
                0x0000000010004538                double2uint_shim
                0x000000001000453a                double2ufix_shim
 *fill*         0x0000000010004546        0x2 
 .text.double2uint64_shim
                0x0000000010004548       0x70 CMakeFiles/pipicogpsclock.dir/root/pico/pico-sdk/src/rp2_common/pico_double/double_v1_rom_shim.S.obj
                0x0000000010004548                double2uint64_shim
                0x000000001000454a                double2ufix64_shim
                0x000000001000456a                d2fix_a
 .text.dunpacks
                0x00000000100045b8       0x3c CMakeFiles/pipicogpsclock.dir/root/pico/pico-sdk/src/rp2_common/pico_double/double_v1_rom_shim.S.obj
                0x00000000100045b8                dunpacks
 .text.__aeabi_lmul
                0x00000000100045f4       0x32 CMakeFiles/pipicogpsclock.dir/root/pico/pico-sdk/src/rp2_common/pico_int64_ops/pico_int64_ops_aeabi.S.obj
                0x00000000100045f4                __wrap___aeabi_lmul
 *fill*         0x0000000010004626        0x2 
 .text.__aeabi_float_init
                0x0000000010004628       0x68 CMakeFiles/pipicogpsclock.dir/root/pico/pico-sdk/src/rp2_common/pico_float/float_init_rom.c.obj
                0x0000000010004628                __aeabi_float_init
 .text.float_table_shim_on_use_helper
                0x0000000010004690       0x2c CMakeFiles/pipicogpsclock.dir/root/pico/pico-sdk/src/rp2_common/pico_float/float_v1_rom_shim.S.obj
                0x0000000010004690                float_table_shim_on_use_helper
 .text          0x00000000100046bc       0x10 CMakeFiles/pipicogpsclock.dir/root/pico/pico-sdk/src/rp2_common/pico_mem_ops/mem_ops_aeabi.S.obj
                0x00000000100046bc                __aeabi_mem_init
 .text.memset   0x00000000100046cc        0xc CMakeFiles/pipicogpsclock.dir/root/pico/pico-sdk/src/rp2_common/pico_mem_ops/mem_ops_aeabi.S.obj
                0x00000000100046cc                __wrap_memset
 .text.memcpy   0x00000000100046d8        0xc CMakeFiles/pipicogpsclock.dir/root/pico/pico-sdk/src/rp2_common/pico_mem_ops/mem_ops_aeabi.S.obj
                0x00000000100046d8                __wrap___aeabi_memcpy
                0x00000000100046d8                __wrap_memcpy
 .text.stdio_out_chars_no_crlf
                0x00000000100046e4       0x10 CMakeFiles/pipicogpsclock.dir/root/pico/pico-sdk/src/rp2_common/pico_stdio/stdio.c.obj
 .text.stdio_out_chars_crlf
                0x00000000100046f4       0xac CMakeFiles/pipicogpsclock.dir/root/pico/pico-sdk/src/rp2_common/pico_stdio/stdio.c.obj
 .text.stdio_put_string
                0x00000000100047a0       0xf8 CMakeFiles/pipicogpsclock.dir/root/pico/pico-sdk/src/rp2_common/pico_stdio/stdio.c.obj
 .text.__wrap_putchar
                0x0000000010004898       0xa4 CMakeFiles/pipicogpsclock.dir/root/pico/pico-sdk/src/rp2_common/pico_stdio/stdio.c.obj
                0x0000000010004898                __wrap_putchar
 .text.__wrap_puts
                0x000000001000493c       0x3c CMakeFiles/pipicogpsclock.dir/root/pico/pico-sdk/src/rp2_common/pico_stdio/stdio.c.obj
                0x000000001000493c                __wrap_puts
 .text.spi_init
                0x0000000010004978       0xf4 CMakeFiles/pipicogpsclock.dir/root/pico/pico-sdk/src/rp2_common/hardware_spi/spi.c.obj
                0x0000000010004978                spi_init
 .text          0x0000000010004a6c       0x68 /usr/lib/gcc/arm-none-eabi/8.3.1/../../../arm-none-eabi/lib/thumb/v6-m/nofp/libc.a(lib_a-strlen-stub.o)
                0x0000000010004a6c                strlen
 .text          0x0000000010004ad4       0x80 /usr/lib/gcc/arm-none-eabi/8.3.1/../../../arm-none-eabi/lib/thumb/v6-m/nofp/libc.a(lib_a-strncpy.o)
                0x0000000010004ad4                strncpy
 .text          0x0000000010004b54      0x42c /usr/lib/gcc/arm-none-eabi/8.3.1/../../../arm-none-eabi/lib/thumb/v6-m/nofp/libc.a(lib_a-strstr.o)
                0x0000000010004df8                strstr
 .text          0x0000000010004f80      0x184 /usr/lib/gcc/arm-none-eabi/8.3.1/../../../arm-none-eabi/lib/thumb/v6-m/nofp/libc.a(lib_a-strtol.o)
                0x00000000100050cc                _strtol_r
                0x00000000100050d4                strtol_l
                0x00000000100050ec                strtol
 .text          0x0000000010005104        0xc /usr/lib/gcc/arm-none-eabi/8.3.1/../../../arm-none-eabi/lib/thumb/v6-m/nofp/libc.a(lib_a-errno.o)
                0x0000000010005104                __errno
 .text          0x0000000010005110       0xd4 /usr/lib/gcc/arm-none-eabi/8.3.1/../../../arm-none-eabi/lib/thumb/v6-m/nofp/libc.a(lib_a-strchr.o)
                0x0000000010005110                strchr
 .text          0x00000000100051e4       0x2c /usr/lib/gcc/arm-none-eabi/8.3.1/../../../arm-none-eabi/lib/thumb/v6-m/nofp/libc.a(lib_a-strnlen.o)
                0x00000000100051e4                strnlen
 *(.fini)
 .fini          0x0000000010005210        0x4 /usr/lib/gcc/arm-none-eabi/8.3.1/thumb/v6-m/nofp/crti.o
                0x0000000010005210                _fini
 *fill*         0x0000000010005214        0x4 
 .fini.__stub   0x0000000010005218       0x70 linker stubs
 *crtbegin.o(.ctors)
 *crtbegin?.o(.ctors)
 *(EXCLUDE_FILE(*crtend.o *crtend?.o) .ctors)
 *(SORT_BY_NAME(.ctors.*))
 *(.ctors)
 *crtbegin.o(.dtors)
 *crtbegin?.o(.dtors)
 *(EXCLUDE_FILE(*crtend.o *crtend?.o) .dtors)
 *(SORT_BY_NAME(.dtors.*))
 *(.dtors)
 *(.eh_frame*)
 .eh_frame      0x0000000010005288        0x0 /usr/lib/gcc/arm-none-eabi/8.3.1/thumb/v6-m/nofp/crtbegin.o
                0x0000000010005288                . = ALIGN (0x4)

.glue_7         0x0000000010005288        0x0
 .glue_7        0x0000000010005288        0x0 linker stubs

.glue_7t        0x0000000010005288        0x0
 .glue_7t       0x0000000010005288        0x0 linker stubs

.vfp11_veneer   0x0000000010005288        0x0
 .vfp11_veneer  0x0000000010005288        0x0 linker stubs

.v4_bx          0x0000000010005288        0x0
 .v4_bx         0x0000000010005288        0x0 linker stubs

.iplt           0x0000000010005288        0x0
 .iplt          0x0000000010005288        0x0 /usr/lib/gcc/arm-none-eabi/8.3.1/thumb/v6-m/nofp/crtbegin.o

.rodata         0x0000000010005288      0x420
 *(EXCLUDE_FILE(*libm.a: *libc.a:*lib_a-mem*.o *libgcc.a:) .rodata*)
 .rodata.__bi_151.6561
                0x0000000010005288        0x8 CMakeFiles/pipicogpsclock.dir/pipicogpsclock.c.obj
 .rodata.__bi_159.6564
                0x0000000010005290        0xc CMakeFiles/pipicogpsclock.dir/pipicogpsclock.c.obj
 .rodata.main.str1.4
                0x000000001000529c        0x7 CMakeFiles/pipicogpsclock.dir/pipicogpsclock.c.obj
 *fill*         0x00000000100052a3        0x1 
 .rodata.str1.4
                0x00000000100052a4        0x7 CMakeFiles/pipicogpsclock.dir/pipicogpsclock.c.obj
 *fill*         0x00000000100052ab        0x1 
 .rodata.hardware_alarm_claim.str1.4
                0x00000000100052ac       0x22 CMakeFiles/pipicogpsclock.dir/root/pico/pico-sdk/src/rp2_common/hardware_timer/timer.c.obj
 *fill*         0x00000000100052ce        0x2 
 .rodata.hard_assertion_failure.str1.4
                0x00000000100052d0        0xc CMakeFiles/pipicogpsclock.dir/root/pico/pico-sdk/src/rp2_common/pico_runtime/runtime.c.obj
 .rodata.panic.str1.4
                0x00000000100052dc       0x12 CMakeFiles/pipicogpsclock.dir/root/pico/pico-sdk/src/rp2_common/pico_runtime/runtime.c.obj
 *fill*         0x00000000100052ee        0x2 
 .rodata._vsnprintf
                0x00000000100052f0      0x1e0 CMakeFiles/pipicogpsclock.dir/root/pico/pico-sdk/src/rp2_common/pico_printf/printf.c.obj
 .rodata._ftoa.str1.4
                0x00000000100054d0       0x15 CMakeFiles/pipicogpsclock.dir/root/pico/pico-sdk/src/rp2_common/pico_printf/printf.c.obj
 *fill*         0x00000000100054e5        0x3 
 .rodata.pow10.5494
                0x00000000100054e8       0x50 CMakeFiles/pipicogpsclock.dir/root/pico/pico-sdk/src/rp2_common/pico_printf/printf.c.obj
 .rodata.__bi_44
                0x0000000010005538        0xc CMakeFiles/pipicogpsclock.dir/root/pico/pico-sdk/src/rp2_common/pico_standard_link/binary_info.c.obj
 .rodata.__bi_75
                0x0000000010005544        0xc CMakeFiles/pipicogpsclock.dir/root/pico/pico-sdk/src/rp2_common/pico_standard_link/binary_info.c.obj
 .rodata.__bi_81
                0x0000000010005550        0xc CMakeFiles/pipicogpsclock.dir/root/pico/pico-sdk/src/rp2_common/pico_standard_link/binary_info.c.obj
 .rodata.str1.4
                0x000000001000555c       0x44 CMakeFiles/pipicogpsclock.dir/root/pico/pico-sdk/src/rp2_common/pico_standard_link/binary_info.c.obj
 .rodata.crlf_str.6110
                0x00000000100055a0        0x2 CMakeFiles/pipicogpsclock.dir/root/pico/pico-sdk/src/rp2_common/pico_stdio/stdio.c.obj
 *fill*         0x00000000100055a2        0x2 
 .rodata        0x00000000100055a4      0x101 /usr/lib/gcc/arm-none-eabi/8.3.1/../../../arm-none-eabi/lib/thumb/v6-m/nofp/libc.a(lib_a-ctype_.o)
                0x00000000100055a4                _ctype_
                0x00000000100056a8                . = ALIGN (0x4)
 *fill*         0x00000000100056a5        0x3 
 *(SORT_BY_ALIGNMENT(SORT_BY_NAME(.flashdata*)))
                0x00000000100056a8                . = ALIGN (0x4)

.rel.dyn        0x00000000100056a8        0x0
 .rel.iplt      0x00000000100056a8        0x0 /usr/lib/gcc/arm-none-eabi/8.3.1/thumb/v6-m/nofp/crtbegin.o

.ARM.extab
 *(.ARM.extab* .gnu.linkonce.armextab.*)
                0x00000000100056a8                __exidx_start = .

.ARM.exidx
 *(.ARM.exidx* .gnu.linkonce.armexidx.*)
                0x00000000100056a8                __exidx_end = .
                0x00000000100056a8                . = ALIGN (0x4)
                0x00000000100056a8                __binary_info_start = .

.binary_info    0x00000000100056a8       0x24
 *(.binary_info.keep.*)
 .binary_info.keep.__bi_ptr151
                0x00000000100056a8        0x4 CMakeFiles/pipicogpsclock.dir/pipicogpsclock.c.obj
 .binary_info.keep.__bi_ptr159
                0x00000000100056ac        0x4 CMakeFiles/pipicogpsclock.dir/pipicogpsclock.c.obj
 .binary_info.keep.__bi_ptr22
                0x00000000100056b0        0x4 CMakeFiles/pipicogpsclock.dir/root/pico/pico-sdk/src/rp2_common/pico_standard_link/binary_info.c.obj
 .binary_info.keep.__bi_ptr30
                0x00000000100056b4        0x4 CMakeFiles/pipicogpsclock.dir/root/pico/pico-sdk/src/rp2_common/pico_standard_link/binary_info.c.obj
 .binary_info.keep.__bi_ptr38
                0x00000000100056b8        0x4 CMakeFiles/pipicogpsclock.dir/root/pico/pico-sdk/src/rp2_common/pico_standard_link/binary_info.c.obj
 .binary_info.keep.__bi_ptr44
                0x00000000100056bc        0x4 CMakeFiles/pipicogpsclock.dir/root/pico/pico-sdk/src/rp2_common/pico_standard_link/binary_info.c.obj
 .binary_info.keep.__bi_ptr50
                0x00000000100056c0        0x4 CMakeFiles/pipicogpsclock.dir/root/pico/pico-sdk/src/rp2_common/pico_standard_link/binary_info.c.obj
 .binary_info.keep.__bi_ptr75
                0x00000000100056c4        0x4 CMakeFiles/pipicogpsclock.dir/root/pico/pico-sdk/src/rp2_common/pico_standard_link/binary_info.c.obj
 .binary_info.keep.__bi_ptr81
                0x00000000100056c8        0x4 CMakeFiles/pipicogpsclock.dir/root/pico/pico-sdk/src/rp2_common/pico_standard_link/binary_info.c.obj
 *(.binary_info.*)
                0x00000000100056cc                __binary_info_end = .
                0x00000000100056cc                . = ALIGN (0x4)
                0x00000000100056cc                __etext = .

.ram_vector_table
                0x0000000020000000       0xc0
 *(.ram_vector_table)
 .ram_vector_table
                0x0000000020000000       0xc0 CMakeFiles/pipicogpsclock.dir/root/pico/pico-sdk/src/rp2_common/pico_runtime/runtime.c.obj
                0x0000000020000000                ram_vector_table

.data           0x00000000200000c0      0x63c load address 0x00000000100056cc
                0x00000000200000c0                __data_start__ = .
 *(vtable)
 *(.time_critical*)
 .time_critical.mutex_enter_blocking
                0x00000000200000c0       0x48 CMakeFiles/pipicogpsclock.dir/root/pico/pico-sdk/src/common/pico_sync/mutex.c.obj
                0x00000000200000c0                mutex_enter_blocking
 .time_critical.mutex_try_enter
                0x0000000020000108       0x48 CMakeFiles/pipicogpsclock.dir/root/pico/pico-sdk/src/common/pico_sync/mutex.c.obj
                0x0000000020000108                mutex_try_enter
 .time_critical.mutex_exit
                0x0000000020000150       0x28 CMakeFiles/pipicogpsclock.dir/root/pico/pico-sdk/src/common/pico_sync/mutex.c.obj
                0x0000000020000150                mutex_exit
 .time_critical.spi_write_blocking
                0x0000000020000178       0x4c CMakeFiles/pipicogpsclock.dir/root/pico/pico-sdk/src/rp2_common/hardware_spi/spi.c.obj
                0x0000000020000178                spi_write_blocking
 *(.text*)
 .text          0x00000000200001c4        0x4 /usr/lib/gcc/arm-none-eabi/8.3.1/thumb/v6-m/nofp/libgcc.a(_dvmd_tls.o)
                0x00000000200001c4                __aeabi_ldiv0
                0x00000000200001c4                __aeabi_idiv0
 .text          0x00000000200001c8       0x50 /usr/lib/gcc/arm-none-eabi/8.3.1/../../../arm-none-eabi/lib/thumb/v6-m/nofp/libc.a(lib_a-memcmp.o)
                0x00000000200001c8                memcmp
                0x0000000020000218                . = ALIGN (0x4)
 *(.rodata*)
                0x0000000020000218                . = ALIGN (0x4)
 *(.data*)
 .data.striped_spin_lock_num
                0x0000000020000218        0x1 CMakeFiles/pipicogpsclock.dir/root/pico/pico-sdk/src/rp2_common/hardware_sync/sync.c.obj
 *fill*         0x0000000020000219        0x3 
 .data          0x000000002000021c       0x48 CMakeFiles/pipicogpsclock.dir/root/pico/pico-sdk/src/rp2_common/hardware_irq/irq_handler_chain.S.obj
                0x000000002000021c                irq_handler_chain_slots
                0x000000002000024c                irq_handler_chain_first_slot
                0x0000000020000256                irq_handler_chain_remove_tail
 .data.default_alarm_pool
                0x0000000020000264       0x18 CMakeFiles/pipicogpsclock.dir/root/pico/pico-sdk/src/common/pico_time/time.c.obj
 .data.default_alarm_pool_heap
                0x000000002000027c       0x10 CMakeFiles/pipicogpsclock.dir/root/pico/pico-sdk/src/common/pico_time/time.c.obj
 *fill*         0x000000002000028c        0x4 
 .data.aeabi_bits_funcs
                0x0000000020000290       0x10 CMakeFiles/pipicogpsclock.dir/root/pico/pico-sdk/src/rp2_common/pico_bit_ops/bit_ops_aeabi.S.obj
                0x0000000020000290                aeabi_bits_funcs
                0x00000000200002a0                aeabi_bits_funcs_end
 .data.aeabi_mem_funcs
                0x00000000200002a0       0x10 CMakeFiles/pipicogpsclock.dir/root/pico/pico-sdk/src/rp2_common/pico_mem_ops/mem_ops_aeabi.S.obj
                0x00000000200002a0                aeabi_mem_funcs
                0x00000000200002b0                aeabi_mem_funcs_end
 .data          0x00000000200002b0      0x430 /usr/lib/gcc/arm-none-eabi/8.3.1/../../../arm-none-eabi/lib/thumb/v6-m/nofp/libc.a(lib_a-impure.o)
                0x00000000200002b0                _impure_ptr
                0x00000000200006e0                . = ALIGN (0x4)
 *(.after_data.*)
                0x00000000200006e0                . = ALIGN (0x4)
                0x00000000200006e0                PROVIDE (__mutex_array_start = .)
 *(SORT_BY_NAME(.mutex_array.*))
 *(.mutex_array)
 .mutex_array   0x00000000200006e0        0x8 CMakeFiles/pipicogpsclock.dir/root/pico/pico-sdk/src/rp2_common/pico_stdio/stdio.c.obj
                0x00000000200006e8                PROVIDE (__mutex_array_end = .)
                0x00000000200006e8                . = ALIGN (0x4)
                0x00000000200006e8                PROVIDE (__preinit_array_start = .)
 *(SORT_BY_NAME(.preinit_array.*))
 .preinit_array.00001
                0x00000000200006e8        0x4 CMakeFiles/pipicogpsclock.dir/root/pico/pico-sdk/src/rp2_common/pico_mem_ops/mem_ops_aeabi.S.obj
 .preinit_array.00010
                0x00000000200006ec        0x4 CMakeFiles/pipicogpsclock.dir/root/pico/pico-sdk/src/rp2_common/pico_bit_ops/bit_ops_aeabi.S.obj
 .preinit_array.00020
                0x00000000200006f0        0x4 CMakeFiles/pipicogpsclock.dir/root/pico/pico-sdk/src/rp2_common/pico_double/double_aeabi.S.obj
 .preinit_array.00020
                0x00000000200006f4        0x4 CMakeFiles/pipicogpsclock.dir/root/pico/pico-sdk/src/rp2_common/pico_float/float_aeabi.S.obj
 *(.preinit_array)
                0x00000000200006f8                PROVIDE (__preinit_array_end = .)
                0x00000000200006f8                . = ALIGN (0x4)
                0x00000000200006f8                PROVIDE (__init_array_start = .)
 *(SORT_BY_NAME(.init_array.*))
 *(.init_array)
 .init_array    0x00000000200006f8        0x4 /usr/lib/gcc/arm-none-eabi/8.3.1/thumb/v6-m/nofp/crtbegin.o
                0x00000000200006fc                PROVIDE (__init_array_end = .)
                0x00000000200006fc                . = ALIGN (0x4)
                0x00000000200006fc                PROVIDE (__fini_array_start = .)
 *(SORT_BY_NAME(.fini_array.*))
 *(.fini_array)
                0x00000000200006fc                PROVIDE (__fini_array_end = .)
 *(.jcr)
                0x00000000200006fc                . = ALIGN (0x4)
                0x00000000200006fc                __data_end__ = .

.tm_clone_table
                0x00000000200006fc        0x0 load address 0x0000000010005d08
 .tm_clone_table
                0x00000000200006fc        0x0 /usr/lib/gcc/arm-none-eabi/8.3.1/thumb/v6-m/nofp/crtbegin.o
 .tm_clone_table
                0x00000000200006fc        0x0 /usr/lib/gcc/arm-none-eabi/8.3.1/thumb/v6-m/nofp/crtend.o

.igot.plt       0x00000000200006fc        0x0 load address 0x0000000010005d08
 .igot.plt      0x00000000200006fc        0x0 /usr/lib/gcc/arm-none-eabi/8.3.1/thumb/v6-m/nofp/crtbegin.o

.uninitialized_data
                0x00000000200006fc        0x0 load address 0x0000000010005d08
                0x00000000200006fc                . = ALIGN (0x4)
 *(.uninitialized_data*)

.scratch_x      0x0000000020040000        0x0 load address 0x0000000010005d08
                0x0000000020040000                __scratch_x_start__ = .
 *(.scratch_x.*)
                0x0000000020040000                . = ALIGN (0x4)
                0x0000000020040000                __scratch_x_end__ = .
                0x0000000010005d08                __scratch_x_source__ = LOADADDR (.scratch_x)

.scratch_y      0x0000000020041000        0x0 load address 0x0000000010005d08
                0x0000000020041000                __scratch_y_start__ = .
 *(.scratch_y.*)
                0x0000000020041000                . = ALIGN (0x4)
                0x0000000020041000                __scratch_y_end__ = .
                0x0000000010005d08                __scratch_y_source__ = LOADADDR (.scratch_y)

.bss            0x0000000020000700      0x3d0
                0x0000000020000700                . = ALIGN (0x4)
                0x0000000020000700                __bss_start__ = .
 *(SORT_BY_ALIGNMENT(SORT_BY_NAME(.bss*)))
 .bss.default_alarm_pool_entries
                0x0000000020000700      0x100 CMakeFiles/pipicogpsclock.dir/root/pico/pico-sdk/src/common/pico_time/time.c.obj
 .bss           0x0000000020000800       0x1c /usr/lib/gcc/arm-none-eabi/8.3.1/thumb/v6-m/nofp/crtbegin.o
 .bss.alarm_callbacks
                0x000000002000081c       0x10 CMakeFiles/pipicogpsclock.dir/root/pico/pico-sdk/src/rp2_common/hardware_timer/timer.c.obj
 .bss.configured_freq
                0x000000002000082c       0x28 CMakeFiles/pipicogpsclock.dir/root/pico/pico-sdk/src/rp2_common/hardware_clocks/clocks.c.obj
 .bss.default_alarm_pool_entry_ids_high
                0x0000000020000854       0x10 CMakeFiles/pipicogpsclock.dir/root/pico/pico-sdk/src/common/pico_time/time.c.obj
 .bss.default_alarm_pool_heap_nodes
                0x0000000020000864       0x30 CMakeFiles/pipicogpsclock.dir/root/pico/pico-sdk/src/common/pico_time/time.c.obj
 .bss.drivers   0x0000000020000894        0x4 CMakeFiles/pipicogpsclock.dir/root/pico/pico-sdk/src/rp2_common/pico_stdio/stdio.c.obj
 .bss.filter    0x0000000020000898        0x4 CMakeFiles/pipicogpsclock.dir/root/pico/pico-sdk/src/rp2_common/pico_stdio/stdio.c.obj
 .bss.lazy_vsnprintf
                0x000000002000089c        0x4 CMakeFiles/pipicogpsclock.dir/root/pico/pico-sdk/src/rp2_common/pico_printf/printf.c.obj
 .bss.pools     0x00000000200008a0       0x10 CMakeFiles/pipicogpsclock.dir/root/pico/pico-sdk/src/common/pico_time/time.c.obj
 .bss.sf_clz_func
                0x00000000200008b0        0x4 CMakeFiles/pipicogpsclock.dir/root/pico/pico-sdk/src/rp2_common/pico_double/double_init_rom.c.obj
                0x00000000200008b0                sf_clz_func
 .bss.sleep_notifier
                0x00000000200008b4        0x4 CMakeFiles/pipicogpsclock.dir/root/pico/pico-sdk/src/common/pico_time/time.c.obj
 .bss.target_hi
                0x00000000200008b8       0x10 CMakeFiles/pipicogpsclock.dir/root/pico/pico-sdk/src/rp2_common/hardware_timer/timer.c.obj
 .bss.claimed   0x00000000200008c8        0x1 CMakeFiles/pipicogpsclock.dir/root/pico/pico-sdk/src/rp2_common/hardware_timer/timer.c.obj
 .bss.irq_hander_chain_free_slot_head
                0x00000000200008c9        0x1 CMakeFiles/pipicogpsclock.dir/root/pico/pico-sdk/src/rp2_common/hardware_irq/irq.c.obj
 .bss.timer_callbacks_pending
                0x00000000200008ca        0x1 CMakeFiles/pipicogpsclock.dir/root/pico/pico-sdk/src/rp2_common/hardware_timer/timer.c.obj
 *(COMMON)
 *fill*         0x00000000200008cb        0x1 
 COMMON         0x00000000200008cc        0x4 CMakeFiles/pipicogpsclock.dir/root/pico/pico-sdk/src/rp2_common/hardware_uart/uart.c.obj
                0x00000000200008cc                uart_char_to_line_feed
 COMMON         0x00000000200008d0      0x100 CMakeFiles/pipicogpsclock.dir/root/pico/pico-sdk/src/rp2_common/pico_double/double_init_rom.c.obj
                0x00000000200008d0                sd_table
 COMMON         0x00000000200009d0      0x100 CMakeFiles/pipicogpsclock.dir/root/pico/pico-sdk/src/rp2_common/pico_float/float_init_rom.c.obj
                0x00000000200009d0                sf_table
                0x0000000020000ad0                . = ALIGN (0x4)
                0x0000000020000ad0                __bss_end__ = .

.heap           0x0000000020000ad0      0x800
                0x0000000020000ad0                __end__ = .
                0x0000000020000ad0                end = __end__
 *(.heap*)
 .heap          0x0000000020000ad0      0x800 CMakeFiles/pipicogpsclock.dir/root/pico/pico-sdk/src/rp2_common/pico_standard_link/crt0.S.obj
                0x00000000200012d0                __HeapLimit = .

.stack1_dummy   0x0000000020040000        0x0
 *(.stack1*)

.stack_dummy    0x0000000020041000      0x800
 *(.stack*)
 .stack         0x0000000020041000      0x800 CMakeFiles/pipicogpsclock.dir/root/pico/pico-sdk/src/rp2_common/pico_standard_link/crt0.S.obj

.flash_end      0x0000000010005d08        0x0
                0x0000000010005d08                __flash_binary_end = .
                0x0000000020040000                __StackLimit = (ORIGIN (RAM) + LENGTH (RAM))
                0x0000000020041000                __StackOneTop = (ORIGIN (SCRATCH_X) + LENGTH (SCRATCH_X))
                0x0000000020042000                __StackTop = (ORIGIN (SCRATCH_Y) + LENGTH (SCRATCH_Y))
                0x0000000020041000                __StackOneBottom = (__StackOneTop - SIZEOF (.stack1_dummy))
                0x0000000020041800                __StackBottom = (__StackTop - SIZEOF (.stack_dummy))
                0x0000000020042000                PROVIDE (__stack = __StackTop)
                0x0000000000000001                ASSERT ((__StackLimit >= __HeapLimit), region RAM overflowed)
                0x0000000000000001                ASSERT (((__binary_info_header_end - __logical_binary_start) <= 0x100), Binary info must be in first 256 bytes of the binary)
LOAD CMakeFiles/pipicogpsclock.dir/pipicogpsclock.c.obj
LOAD CMakeFiles/pipicogpsclock.dir/root/pico/pico-sdk/src/rp2_common/pico_stdlib/stdlib.c.obj
LOAD CMakeFiles/pipicogpsclock.dir/root/pico/pico-sdk/src/rp2_common/hardware_gpio/gpio.c.obj
LOAD CMakeFiles/pipicogpsclock.dir/root/pico/pico-sdk/src/rp2_common/hardware_claim/claim.c.obj
LOAD CMakeFiles/pipicogpsclock.dir/root/pico/pico-sdk/src/rp2_common/pico_platform/platform.c.obj
LOAD CMakeFiles/pipicogpsclock.dir/root/pico/pico-sdk/src/rp2_common/hardware_sync/sync.c.obj
LOAD CMakeFiles/pipicogpsclock.dir/root/pico/pico-sdk/src/rp2_common/hardware_irq/irq.c.obj
LOAD CMakeFiles/pipicogpsclock.dir/root/pico/pico-sdk/src/rp2_common/hardware_irq/irq_handler_chain.S.obj
LOAD CMakeFiles/pipicogpsclock.dir/root/pico/pico-sdk/src/common/pico_sync/sem.c.obj
LOAD CMakeFiles/pipicogpsclock.dir/root/pico/pico-sdk/src/common/pico_sync/lock_core.c.obj
LOAD CMakeFiles/pipicogpsclock.dir/root/pico/pico-sdk/src/common/pico_time/time.c.obj
LOAD CMakeFiles/pipicogpsclock.dir/root/pico/pico-sdk/src/common/pico_time/timeout_helper.c.obj
LOAD CMakeFiles/pipicogpsclock.dir/root/pico/pico-sdk/src/rp2_common/hardware_timer/timer.c.obj
LOAD CMakeFiles/pipicogpsclock.dir/root/pico/pico-sdk/src/common/pico_util/datetime.c.obj
LOAD CMakeFiles/pipicogpsclock.dir/root/pico/pico-sdk/src/common/pico_util/pheap.c.obj
LOAD CMakeFiles/pipicogpsclock.dir/root/pico/pico-sdk/src/common/pico_util/queue.c.obj
LOAD CMakeFiles/pipicogpsclock.dir/root/pico/pico-sdk/src/common/pico_sync/mutex.c.obj
LOAD CMakeFiles/pipicogpsclock.dir/root/pico/pico-sdk/src/common/pico_sync/critical_section.c.obj
LOAD CMakeFiles/pipicogpsclock.dir/root/pico/pico-sdk/src/rp2_common/hardware_uart/uart.c.obj
LOAD CMakeFiles/pipicogpsclock.dir/root/pico/pico-sdk/src/rp2_common/hardware_divider/divider.S.obj
LOAD CMakeFiles/pipicogpsclock.dir/root/pico/pico-sdk/src/rp2_common/pico_runtime/runtime.c.obj
LOAD CMakeFiles/pipicogpsclock.dir/root/pico/pico-sdk/src/rp2_common/hardware_clocks/clocks.c.obj
LOAD CMakeFiles/pipicogpsclock.dir/root/pico/pico-sdk/src/rp2_common/hardware_pll/pll.c.obj
LOAD CMakeFiles/pipicogpsclock.dir/root/pico/pico-sdk/src/rp2_common/hardware_vreg/vreg.c.obj
LOAD CMakeFiles/pipicogpsclock.dir/root/pico/pico-sdk/src/rp2_common/hardware_watchdog/watchdog.c.obj
LOAD CMakeFiles/pipicogpsclock.dir/root/pico/pico-sdk/src/rp2_common/hardware_xosc/xosc.c.obj
LOAD CMakeFiles/pipicogpsclock.dir/root/pico/pico-sdk/src/rp2_common/pico_printf/printf.c.obj
LOAD CMakeFiles/pipicogpsclock.dir/root/pico/pico-sdk/src/rp2_common/pico_bit_ops/bit_ops_aeabi.S.obj
LOAD CMakeFiles/pipicogpsclock.dir/root/pico/pico-sdk/src/rp2_common/pico_bootrom/bootrom.c.obj
LOAD CMakeFiles/pipicogpsclock.dir/root/pico/pico-sdk/src/rp2_common/pico_divider/divider.S.obj
LOAD CMakeFiles/pipicogpsclock.dir/root/pico/pico-sdk/src/rp2_common/pico_double/double_aeabi.S.obj
LOAD CMakeFiles/pipicogpsclock.dir/root/pico/pico-sdk/src/rp2_common/pico_double/double_init_rom.c.obj
LOAD CMakeFiles/pipicogpsclock.dir/root/pico/pico-sdk/src/rp2_common/pico_double/double_math.c.obj
LOAD CMakeFiles/pipicogpsclock.dir/root/pico/pico-sdk/src/rp2_common/pico_double/double_v1_rom_shim.S.obj
LOAD CMakeFiles/pipicogpsclock.dir/root/pico/pico-sdk/src/rp2_common/pico_int64_ops/pico_int64_ops_aeabi.S.obj
LOAD CMakeFiles/pipicogpsclock.dir/root/pico/pico-sdk/src/rp2_common/pico_float/float_aeabi.S.obj
LOAD CMakeFiles/pipicogpsclock.dir/root/pico/pico-sdk/src/rp2_common/pico_float/float_init_rom.c.obj
LOAD CMakeFiles/pipicogpsclock.dir/root/pico/pico-sdk/src/rp2_common/pico_float/float_math.c.obj
LOAD CMakeFiles/pipicogpsclock.dir/root/pico/pico-sdk/src/rp2_common/pico_float/float_v1_rom_shim.S.obj
LOAD CMakeFiles/pipicogpsclock.dir/root/pico/pico-sdk/src/rp2_common/pico_malloc/pico_malloc.c.obj
LOAD CMakeFiles/pipicogpsclock.dir/root/pico/pico-sdk/src/rp2_common/pico_mem_ops/mem_ops_aeabi.S.obj
LOAD CMakeFiles/pipicogpsclock.dir/root/pico/pico-sdk/src/rp2_common/pico_standard_link/crt0.S.obj
LOAD CMakeFiles/pipicogpsclock.dir/root/pico/pico-sdk/src/rp2_common/pico_standard_link/new_delete.cpp.obj
LOAD CMakeFiles/pipicogpsclock.dir/root/pico/pico-sdk/src/rp2_common/pico_standard_link/binary_info.c.obj
LOAD CMakeFiles/pipicogpsclock.dir/root/pico/pico-sdk/src/rp2_common/pico_stdio/stdio.c.obj
LOAD CMakeFiles/pipicogpsclock.dir/root/pico/pico-sdk/src/rp2_common/pico_stdio_uart/stdio_uart.c.obj
LOAD CMakeFiles/pipicogpsclock.dir/root/pico/pico-sdk/src/rp2_common/hardware_spi/spi.c.obj
LOAD /tmp/ccaWdwFP.o
LOAD /usr/lib/gcc/arm-none-eabi/8.3.1/../../../arm-none-eabi/lib/thumb/v6-m/nofp/libstdc++.a
LOAD /usr/lib/gcc/arm-none-eabi/8.3.1/../../../arm-none-eabi/lib/thumb/v6-m/nofp/libm.a
START GROUP
LOAD /usr/lib/gcc/arm-none-eabi/8.3.1/thumb/v6-m/nofp/libgcc.a
LOAD /usr/lib/gcc/arm-none-eabi/8.3.1/../../../arm-none-eabi/lib/thumb/v6-m/nofp/libc.a
END GROUP
START GROUP
LOAD /usr/lib/gcc/arm-none-eabi/8.3.1/thumb/v6-m/nofp/libgcc.a
LOAD /usr/lib/gcc/arm-none-eabi/8.3.1/../../../arm-none-eabi/lib/thumb/v6-m/nofp/libc.a
LOAD /usr/lib/gcc/arm-none-eabi/8.3.1/../../../arm-none-eabi/lib/thumb/v6-m/nofp/libnosys.a
END GROUP
LOAD /usr/lib/gcc/arm-none-eabi/8.3.1/thumb/v6-m/nofp/crtend.o
LOAD /usr/lib/gcc/arm-none-eabi/8.3.1/thumb/v6-m/nofp/crtn.o
OUTPUT(pipicogpsclock.elf elf32-littlearm)
LOAD linker stubs

.ARM.attributes
                0x0000000000000000       0x28
 .ARM.attributes
                0x0000000000000000       0x1e /usr/lib/gcc/arm-none-eabi/8.3.1/thumb/v6-m/nofp/crti.o
 .ARM.attributes
                0x000000000000001e       0x2c /usr/lib/gcc/arm-none-eabi/8.3.1/thumb/v6-m/nofp/crtbegin.o
 .ARM.attributes
                0x000000000000004a       0x2c CMakeFiles/pipicogpsclock.dir/pipicogpsclock.c.obj
 .ARM.attributes
                0x0000000000000076       0x2c CMakeFiles/pipicogpsclock.dir/root/pico/pico-sdk/src/rp2_common/hardware_gpio/gpio.c.obj
 .ARM.attributes
                0x00000000000000a2       0x2c CMakeFiles/pipicogpsclock.dir/root/pico/pico-sdk/src/rp2_common/hardware_claim/claim.c.obj
 .ARM.attributes
                0x00000000000000ce       0x2c CMakeFiles/pipicogpsclock.dir/root/pico/pico-sdk/src/rp2_common/pico_platform/platform.c.obj
 .ARM.attributes
                0x00000000000000fa       0x2c CMakeFiles/pipicogpsclock.dir/root/pico/pico-sdk/src/rp2_common/hardware_sync/sync.c.obj
 .ARM.attributes
                0x0000000000000126       0x2c CMakeFiles/pipicogpsclock.dir/root/pico/pico-sdk/src/rp2_common/hardware_irq/irq.c.obj
 .ARM.attributes
                0x0000000000000152       0x22 CMakeFiles/pipicogpsclock.dir/root/pico/pico-sdk/src/rp2_common/hardware_irq/irq_handler_chain.S.obj
 .ARM.attributes
                0x0000000000000174       0x2c CMakeFiles/pipicogpsclock.dir/root/pico/pico-sdk/src/common/pico_sync/lock_core.c.obj
 .ARM.attributes
                0x00000000000001a0       0x2c CMakeFiles/pipicogpsclock.dir/root/pico/pico-sdk/src/common/pico_time/time.c.obj
 .ARM.attributes
                0x00000000000001cc       0x2c CMakeFiles/pipicogpsclock.dir/root/pico/pico-sdk/src/rp2_common/hardware_timer/timer.c.obj
 .ARM.attributes
                0x00000000000001f8       0x2c CMakeFiles/pipicogpsclock.dir/root/pico/pico-sdk/src/common/pico_util/pheap.c.obj
 .ARM.attributes
                0x0000000000000224       0x2c CMakeFiles/pipicogpsclock.dir/root/pico/pico-sdk/src/common/pico_sync/mutex.c.obj
 .ARM.attributes
                0x0000000000000250       0x2c CMakeFiles/pipicogpsclock.dir/root/pico/pico-sdk/src/rp2_common/hardware_uart/uart.c.obj
 .ARM.attributes
                0x000000000000027c       0x2c CMakeFiles/pipicogpsclock.dir/root/pico/pico-sdk/src/rp2_common/pico_runtime/runtime.c.obj
 .ARM.attributes
                0x00000000000002a8       0x2c CMakeFiles/pipicogpsclock.dir/root/pico/pico-sdk/src/rp2_common/hardware_clocks/clocks.c.obj
 .ARM.attributes
                0x00000000000002d4       0x2c CMakeFiles/pipicogpsclock.dir/root/pico/pico-sdk/src/rp2_common/hardware_pll/pll.c.obj
 .ARM.attributes
                0x0000000000000300       0x2c CMakeFiles/pipicogpsclock.dir/root/pico/pico-sdk/src/rp2_common/hardware_watchdog/watchdog.c.obj
 .ARM.attributes
                0x000000000000032c       0x2c CMakeFiles/pipicogpsclock.dir/root/pico/pico-sdk/src/rp2_common/hardware_xosc/xosc.c.obj
 .ARM.attributes
                0x0000000000000358       0x2c CMakeFiles/pipicogpsclock.dir/root/pico/pico-sdk/src/rp2_common/pico_printf/printf.c.obj
 .ARM.attributes
                0x0000000000000384       0x22 CMakeFiles/pipicogpsclock.dir/root/pico/pico-sdk/src/rp2_common/pico_bit_ops/bit_ops_aeabi.S.obj
 .ARM.attributes
                0x00000000000003a6       0x2c CMakeFiles/pipicogpsclock.dir/root/pico/pico-sdk/src/rp2_common/pico_bootrom/bootrom.c.obj
 .ARM.attributes
                0x00000000000003d2       0x22 CMakeFiles/pipicogpsclock.dir/root/pico/pico-sdk/src/rp2_common/pico_divider/divider.S.obj
 .ARM.attributes
                0x00000000000003f4       0x22 CMakeFiles/pipicogpsclock.dir/root/pico/pico-sdk/src/rp2_common/pico_double/double_aeabi.S.obj
 .ARM.attributes
                0x0000000000000416       0x2c CMakeFiles/pipicogpsclock.dir/root/pico/pico-sdk/src/rp2_common/pico_double/double_init_rom.c.obj
 .ARM.attributes
                0x0000000000000442       0x22 CMakeFiles/pipicogpsclock.dir/root/pico/pico-sdk/src/rp2_common/pico_double/double_v1_rom_shim.S.obj
 .ARM.attributes
                0x0000000000000464       0x22 CMakeFiles/pipicogpsclock.dir/root/pico/pico-sdk/src/rp2_common/pico_int64_ops/pico_int64_ops_aeabi.S.obj
 .ARM.attributes
                0x0000000000000486       0x22 CMakeFiles/pipicogpsclock.dir/root/pico/pico-sdk/src/rp2_common/pico_float/float_aeabi.S.obj
 .ARM.attributes
                0x00000000000004a8       0x2c CMakeFiles/pipicogpsclock.dir/root/pico/pico-sdk/src/rp2_common/pico_float/float_init_rom.c.obj
 .ARM.attributes
                0x00000000000004d4       0x22 CMakeFiles/pipicogpsclock.dir/root/pico/pico-sdk/src/rp2_common/pico_float/float_v1_rom_shim.S.obj
 .ARM.attributes
                0x00000000000004f6       0x22 CMakeFiles/pipicogpsclock.dir/root/pico/pico-sdk/src/rp2_common/pico_mem_ops/mem_ops_aeabi.S.obj
 .ARM.attributes
                0x0000000000000518       0x22 CMakeFiles/pipicogpsclock.dir/root/pico/pico-sdk/src/rp2_common/pico_standard_link/crt0.S.obj
 .ARM.attributes
                0x000000000000053a       0x32 CMakeFiles/pipicogpsclock.dir/root/pico/pico-sdk/src/rp2_common/pico_standard_link/binary_info.c.obj
 .ARM.attributes
                0x000000000000056c       0x2c CMakeFiles/pipicogpsclock.dir/root/pico/pico-sdk/src/rp2_common/pico_stdio/stdio.c.obj
 .ARM.attributes
                0x0000000000000598       0x2c CMakeFiles/pipicogpsclock.dir/root/pico/pico-sdk/src/rp2_common/hardware_spi/spi.c.obj
 .ARM.attributes
                0x00000000000005c4       0x22 /tmp/ccaWdwFP.o
 .ARM.attributes
                0x00000000000005e6       0x1e /usr/lib/gcc/arm-none-eabi/8.3.1/thumb/v6-m/nofp/libgcc.a(_dvmd_tls.o)
 .ARM.attributes
                0x0000000000000604       0x2c /usr/lib/gcc/arm-none-eabi/8.3.1/../../../arm-none-eabi/lib/thumb/v6-m/nofp/libc.a(lib_a-impure.o)
 .ARM.attributes
                0x0000000000000630       0x2c /usr/lib/gcc/arm-none-eabi/8.3.1/../../../arm-none-eabi/lib/thumb/v6-m/nofp/libc.a(lib_a-strlen-stub.o)
 .ARM.attributes
                0x000000000000065c       0x2c /usr/lib/gcc/arm-none-eabi/8.3.1/../../../arm-none-eabi/lib/thumb/v6-m/nofp/libc.a(lib_a-strncpy.o)
 .ARM.attributes
                0x0000000000000688       0x2c /usr/lib/gcc/arm-none-eabi/8.3.1/../../../arm-none-eabi/lib/thumb/v6-m/nofp/libc.a(lib_a-strstr.o)
 .ARM.attributes
                0x00000000000006b4       0x2c /usr/lib/gcc/arm-none-eabi/8.3.1/../../../arm-none-eabi/lib/thumb/v6-m/nofp/libc.a(lib_a-strtol.o)
 .ARM.attributes
                0x00000000000006e0       0x2c /usr/lib/gcc/arm-none-eabi/8.3.1/../../../arm-none-eabi/lib/thumb/v6-m/nofp/libc.a(lib_a-ctype_.o)
 .ARM.attributes
                0x000000000000070c       0x2c /usr/lib/gcc/arm-none-eabi/8.3.1/../../../arm-none-eabi/lib/thumb/v6-m/nofp/libc.a(lib_a-errno.o)
 .ARM.attributes
                0x0000000000000738       0x2c /usr/lib/gcc/arm-none-eabi/8.3.1/../../../arm-none-eabi/lib/thumb/v6-m/nofp/libc.a(lib_a-memcmp.o)
 .ARM.attributes
                0x0000000000000764       0x2c /usr/lib/gcc/arm-none-eabi/8.3.1/../../../arm-none-eabi/lib/thumb/v6-m/nofp/libc.a(lib_a-strchr.o)
 .ARM.attributes
                0x0000000000000790       0x2c /usr/lib/gcc/arm-none-eabi/8.3.1/../../../arm-none-eabi/lib/thumb/v6-m/nofp/libc.a(lib_a-strnlen.o)
 .ARM.attributes
                0x00000000000007bc       0x2c /usr/lib/gcc/arm-none-eabi/8.3.1/thumb/v6-m/nofp/crtend.o

.comment        0x0000000000000000       0x9f
 .comment       0x0000000000000000       0x51 /usr/lib/gcc/arm-none-eabi/8.3.1/thumb/v6-m/nofp/crtbegin.o
                                         0x52 (size before relaxing)
 .comment       0x0000000000000051       0x52 CMakeFiles/pipicogpsclock.dir/pipicogpsclock.c.obj
 .comment       0x0000000000000051       0x52 CMakeFiles/pipicogpsclock.dir/root/pico/pico-sdk/src/rp2_common/hardware_gpio/gpio.c.obj
 .comment       0x0000000000000051       0x52 CMakeFiles/pipicogpsclock.dir/root/pico/pico-sdk/src/rp2_common/hardware_claim/claim.c.obj
 .comment       0x0000000000000051       0x52 CMakeFiles/pipicogpsclock.dir/root/pico/pico-sdk/src/rp2_common/pico_platform/platform.c.obj
 .comment       0x0000000000000051       0x52 CMakeFiles/pipicogpsclock.dir/root/pico/pico-sdk/src/rp2_common/hardware_sync/sync.c.obj
 .comment       0x0000000000000051       0x52 CMakeFiles/pipicogpsclock.dir/root/pico/pico-sdk/src/rp2_common/hardware_irq/irq.c.obj
 .comment       0x0000000000000051       0x52 CMakeFiles/pipicogpsclock.dir/root/pico/pico-sdk/src/common/pico_sync/lock_core.c.obj
 .comment       0x0000000000000051       0x52 CMakeFiles/pipicogpsclock.dir/root/pico/pico-sdk/src/common/pico_time/time.c.obj
 .comment       0x0000000000000051       0x52 CMakeFiles/pipicogpsclock.dir/root/pico/pico-sdk/src/rp2_common/hardware_timer/timer.c.obj
 .comment       0x0000000000000051       0x52 CMakeFiles/pipicogpsclock.dir/root/pico/pico-sdk/src/common/pico_util/pheap.c.obj
 .comment       0x0000000000000051       0x52 CMakeFiles/pipicogpsclock.dir/root/pico/pico-sdk/src/common/pico_sync/mutex.c.obj
 .comment       0x0000000000000051       0x52 CMakeFiles/pipicogpsclock.dir/root/pico/pico-sdk/src/rp2_common/hardware_uart/uart.c.obj
 .comment       0x0000000000000051       0x52 CMakeFiles/pipicogpsclock.dir/root/pico/pico-sdk/src/rp2_common/pico_runtime/runtime.c.obj
 .comment       0x0000000000000051       0x52 CMakeFiles/pipicogpsclock.dir/root/pico/pico-sdk/src/rp2_common/hardware_clocks/clocks.c.obj
 .comment       0x0000000000000051       0x52 CMakeFiles/pipicogpsclock.dir/root/pico/pico-sdk/src/rp2_common/hardware_pll/pll.c.obj
 .comment       0x0000000000000051       0x52 CMakeFiles/pipicogpsclock.dir/root/pico/pico-sdk/src/rp2_common/hardware_watchdog/watchdog.c.obj
 .comment       0x0000000000000051       0x52 CMakeFiles/pipicogpsclock.dir/root/pico/pico-sdk/src/rp2_common/hardware_xosc/xosc.c.obj
 .comment       0x0000000000000051       0x52 CMakeFiles/pipicogpsclock.dir/root/pico/pico-sdk/src/rp2_common/pico_printf/printf.c.obj
 .comment       0x0000000000000051       0x52 CMakeFiles/pipicogpsclock.dir/root/pico/pico-sdk/src/rp2_common/pico_bootrom/bootrom.c.obj
 .comment       0x0000000000000051       0x52 CMakeFiles/pipicogpsclock.dir/root/pico/pico-sdk/src/rp2_common/pico_double/double_init_rom.c.obj
 .comment       0x0000000000000051       0x52 CMakeFiles/pipicogpsclock.dir/root/pico/pico-sdk/src/rp2_common/pico_float/float_init_rom.c.obj
 .comment       0x0000000000000051       0x52 CMakeFiles/pipicogpsclock.dir/root/pico/pico-sdk/src/rp2_common/pico_standard_link/binary_info.c.obj
 .comment       0x0000000000000051       0x52 CMakeFiles/pipicogpsclock.dir/root/pico/pico-sdk/src/rp2_common/pico_stdio/stdio.c.obj
 .comment       0x0000000000000051       0x52 CMakeFiles/pipicogpsclock.dir/root/pico/pico-sdk/src/rp2_common/hardware_spi/spi.c.obj
 .comment       0x0000000000000051       0x4e /usr/lib/gcc/arm-none-eabi/8.3.1/../../../arm-none-eabi/lib/thumb/v6-m/nofp/libc.a(lib_a-impure.o)
                                         0x4f (size before relaxing)
 .comment       0x000000000000009f       0x4f /usr/lib/gcc/arm-none-eabi/8.3.1/../../../arm-none-eabi/lib/thumb/v6-m/nofp/libc.a(lib_a-strlen-stub.o)
 .comment       0x000000000000009f       0x4f /usr/lib/gcc/arm-none-eabi/8.3.1/../../../arm-none-eabi/lib/thumb/v6-m/nofp/libc.a(lib_a-strncpy.o)
 .comment       0x000000000000009f       0x4f /usr/lib/gcc/arm-none-eabi/8.3.1/../../../arm-none-eabi/lib/thumb/v6-m/nofp/libc.a(lib_a-strstr.o)
 .comment       0x000000000000009f       0x4f /usr/lib/gcc/arm-none-eabi/8.3.1/../../../arm-none-eabi/lib/thumb/v6-m/nofp/libc.a(lib_a-strtol.o)
 .comment       0x000000000000009f       0x4f /usr/lib/gcc/arm-none-eabi/8.3.1/../../../arm-none-eabi/lib/thumb/v6-m/nofp/libc.a(lib_a-ctype_.o)
 .comment       0x000000000000009f       0x4f /usr/lib/gcc/arm-none-eabi/8.3.1/../../../arm-none-eabi/lib/thumb/v6-m/nofp/libc.a(lib_a-errno.o)
 .comment       0x000000000000009f       0x4f /usr/lib/gcc/arm-none-eabi/8.3.1/../../../arm-none-eabi/lib/thumb/v6-m/nofp/libc.a(lib_a-memcmp.o)
 .comment       0x000000000000009f       0x4f /usr/lib/gcc/arm-none-eabi/8.3.1/../../../arm-none-eabi/lib/thumb/v6-m/nofp/libc.a(lib_a-strchr.o)
 .comment       0x000000000000009f       0x4f /usr/lib/gcc/arm-none-eabi/8.3.1/../../../arm-none-eabi/lib/thumb/v6-m/nofp/libc.a(lib_a-strnlen.o)
 .comment       0x000000000000009f       0x52 /usr/lib/gcc/arm-none-eabi/8.3.1/thumb/v6-m/nofp/crtend.o

.debug_line     0x0000000000000000     0x17c2
 .debug_line    0x0000000000000000       0x60 /usr/lib/gcc/arm-none-eabi/8.3.1/thumb/v6-m/nofp/libgcc.a(_dvmd_tls.o)
 .debug_line    0x0000000000000060       0xe3 /usr/lib/gcc/arm-none-eabi/8.3.1/../../../arm-none-eabi/lib/thumb/v6-m/nofp/libc.a(lib_a-impure.o)
 .debug_line    0x0000000000000143      0x1c2 /usr/lib/gcc/arm-none-eabi/8.3.1/../../../arm-none-eabi/lib/thumb/v6-m/nofp/libc.a(lib_a-strlen-stub.o)
 .debug_line    0x0000000000000305      0x1ed /usr/lib/gcc/arm-none-eabi/8.3.1/../../../arm-none-eabi/lib/thumb/v6-m/nofp/libc.a(lib_a-strncpy.o)
 .debug_line    0x00000000000004f2      0x757 /usr/lib/gcc/arm-none-eabi/8.3.1/../../../arm-none-eabi/lib/thumb/v6-m/nofp/libc.a(lib_a-strstr.o)
 .debug_line    0x0000000000000c49      0x3ae /usr/lib/gcc/arm-none-eabi/8.3.1/../../../arm-none-eabi/lib/thumb/v6-m/nofp/libc.a(lib_a-strtol.o)
 .debug_line    0x0000000000000ff7      0x154 /usr/lib/gcc/arm-none-eabi/8.3.1/../../../arm-none-eabi/lib/thumb/v6-m/nofp/libc.a(lib_a-ctype_.o)
 .debug_line    0x000000000000114b      0x10e /usr/lib/gcc/arm-none-eabi/8.3.1/../../../arm-none-eabi/lib/thumb/v6-m/nofp/libc.a(lib_a-errno.o)
 .debug_line    0x0000000000001259      0x1c3 /usr/lib/gcc/arm-none-eabi/8.3.1/../../../arm-none-eabi/lib/thumb/v6-m/nofp/libc.a(lib_a-memcmp.o)
 .debug_line    0x000000000000141c      0x241 /usr/lib/gcc/arm-none-eabi/8.3.1/../../../arm-none-eabi/lib/thumb/v6-m/nofp/libc.a(lib_a-strchr.o)
 .debug_line    0x000000000000165d      0x165 /usr/lib/gcc/arm-none-eabi/8.3.1/../../../arm-none-eabi/lib/thumb/v6-m/nofp/libc.a(lib_a-strnlen.o)

.debug_info     0x0000000000000000     0x738b
 .debug_info    0x0000000000000000       0x26 /usr/lib/gcc/arm-none-eabi/8.3.1/thumb/v6-m/nofp/libgcc.a(_dvmd_tls.o)
 .debug_info    0x0000000000000026      0x92a /usr/lib/gcc/arm-none-eabi/8.3.1/../../../arm-none-eabi/lib/thumb/v6-m/nofp/libc.a(lib_a-impure.o)
 .debug_info    0x0000000000000950      0x973 /usr/lib/gcc/arm-none-eabi/8.3.1/../../../arm-none-eabi/lib/thumb/v6-m/nofp/libc.a(lib_a-strlen-stub.o)
 .debug_info    0x00000000000012c3      0x9d2 /usr/lib/gcc/arm-none-eabi/8.3.1/../../../arm-none-eabi/lib/thumb/v6-m/nofp/libc.a(lib_a-strncpy.o)
 .debug_info    0x0000000000001c95      0xfc7 /usr/lib/gcc/arm-none-eabi/8.3.1/../../../arm-none-eabi/lib/thumb/v6-m/nofp/libc.a(lib_a-strstr.o)
 .debug_info    0x0000000000002c5c     0x1269 /usr/lib/gcc/arm-none-eabi/8.3.1/../../../arm-none-eabi/lib/thumb/v6-m/nofp/libc.a(lib_a-strtol.o)
 .debug_info    0x0000000000003ec5      0xe91 /usr/lib/gcc/arm-none-eabi/8.3.1/../../../arm-none-eabi/lib/thumb/v6-m/nofp/libc.a(lib_a-ctype_.o)
 .debug_info    0x0000000000004d56      0x953 /usr/lib/gcc/arm-none-eabi/8.3.1/../../../arm-none-eabi/lib/thumb/v6-m/nofp/libc.a(lib_a-errno.o)
 .debug_info    0x00000000000056a9      0x9c2 /usr/lib/gcc/arm-none-eabi/8.3.1/../../../arm-none-eabi/lib/thumb/v6-m/nofp/libc.a(lib_a-memcmp.o)
 .debug_info    0x000000000000606b      0x9b9 /usr/lib/gcc/arm-none-eabi/8.3.1/../../../arm-none-eabi/lib/thumb/v6-m/nofp/libc.a(lib_a-strchr.o)
 .debug_info    0x0000000000006a24      0x967 /usr/lib/gcc/arm-none-eabi/8.3.1/../../../arm-none-eabi/lib/thumb/v6-m/nofp/libc.a(lib_a-strnlen.o)

.debug_abbrev   0x0000000000000000     0x15c9
 .debug_abbrev  0x0000000000000000       0x14 /usr/lib/gcc/arm-none-eabi/8.3.1/thumb/v6-m/nofp/libgcc.a(_dvmd_tls.o)
 .debug_abbrev  0x0000000000000014      0x1b8 /usr/lib/gcc/arm-none-eabi/8.3.1/../../../arm-none-eabi/lib/thumb/v6-m/nofp/libc.a(lib_a-impure.o)
 .debug_abbrev  0x00000000000001cc      0x1e8 /usr/lib/gcc/arm-none-eabi/8.3.1/../../../arm-none-eabi/lib/thumb/v6-m/nofp/libc.a(lib_a-strlen-stub.o)
 .debug_abbrev  0x00000000000003b4      0x214 /usr/lib/gcc/arm-none-eabi/8.3.1/../../../arm-none-eabi/lib/thumb/v6-m/nofp/libc.a(lib_a-strncpy.o)
 .debug_abbrev  0x00000000000005c8      0x397 /usr/lib/gcc/arm-none-eabi/8.3.1/../../../arm-none-eabi/lib/thumb/v6-m/nofp/libc.a(lib_a-strstr.o)
 .debug_abbrev  0x000000000000095f      0x30f /usr/lib/gcc/arm-none-eabi/8.3.1/../../../arm-none-eabi/lib/thumb/v6-m/nofp/libc.a(lib_a-strtol.o)
 .debug_abbrev  0x0000000000000c6e      0x1b6 /usr/lib/gcc/arm-none-eabi/8.3.1/../../../arm-none-eabi/lib/thumb/v6-m/nofp/libc.a(lib_a-ctype_.o)
 .debug_abbrev  0x0000000000000e24      0x1d6 /usr/lib/gcc/arm-none-eabi/8.3.1/../../../arm-none-eabi/lib/thumb/v6-m/nofp/libc.a(lib_a-errno.o)
 .debug_abbrev  0x0000000000000ffa      0x1ed /usr/lib/gcc/arm-none-eabi/8.3.1/../../../arm-none-eabi/lib/thumb/v6-m/nofp/libc.a(lib_a-memcmp.o)
 .debug_abbrev  0x00000000000011e7      0x1fc /usr/lib/gcc/arm-none-eabi/8.3.1/../../../arm-none-eabi/lib/thumb/v6-m/nofp/libc.a(lib_a-strchr.o)
 .debug_abbrev  0x00000000000013e3      0x1e6 /usr/lib/gcc/arm-none-eabi/8.3.1/../../../arm-none-eabi/lib/thumb/v6-m/nofp/libc.a(lib_a-strnlen.o)

.debug_aranges  0x0000000000000000      0x150
 .debug_aranges
                0x0000000000000000       0x20 /usr/lib/gcc/arm-none-eabi/8.3.1/thumb/v6-m/nofp/libgcc.a(_dvmd_tls.o)
 .debug_aranges
                0x0000000000000020       0x18 /usr/lib/gcc/arm-none-eabi/8.3.1/../../../arm-none-eabi/lib/thumb/v6-m/nofp/libc.a(lib_a-impure.o)
 .debug_aranges
                0x0000000000000038       0x20 /usr/lib/gcc/arm-none-eabi/8.3.1/../../../arm-none-eabi/lib/thumb/v6-m/nofp/libc.a(lib_a-strlen-stub.o)
 .debug_aranges
                0x0000000000000058       0x20 /usr/lib/gcc/arm-none-eabi/8.3.1/../../../arm-none-eabi/lib/thumb/v6-m/nofp/libc.a(lib_a-strncpy.o)
 .debug_aranges
                0x0000000000000078       0x20 /usr/lib/gcc/arm-none-eabi/8.3.1/../../../arm-none-eabi/lib/thumb/v6-m/nofp/libc.a(lib_a-strstr.o)
 .debug_aranges
                0x0000000000000098       0x20 /usr/lib/gcc/arm-none-eabi/8.3.1/../../../arm-none-eabi/lib/thumb/v6-m/nofp/libc.a(lib_a-strtol.o)
 .debug_aranges
                0x00000000000000b8       0x18 /usr/lib/gcc/arm-none-eabi/8.3.1/../../../arm-none-eabi/lib/thumb/v6-m/nofp/libc.a(lib_a-ctype_.o)
 .debug_aranges
                0x00000000000000d0       0x20 /usr/lib/gcc/arm-none-eabi/8.3.1/../../../arm-none-eabi/lib/thumb/v6-m/nofp/libc.a(lib_a-errno.o)
 .debug_aranges
                0x00000000000000f0       0x20 /usr/lib/gcc/arm-none-eabi/8.3.1/../../../arm-none-eabi/lib/thumb/v6-m/nofp/libc.a(lib_a-memcmp.o)
 .debug_aranges
                0x0000000000000110       0x20 /usr/lib/gcc/arm-none-eabi/8.3.1/../../../arm-none-eabi/lib/thumb/v6-m/nofp/libc.a(lib_a-strchr.o)
 .debug_aranges
                0x0000000000000130       0x20 /usr/lib/gcc/arm-none-eabi/8.3.1/../../../arm-none-eabi/lib/thumb/v6-m/nofp/libc.a(lib_a-strnlen.o)

.debug_str      0x0000000000000000      0xdba
 .debug_str     0x0000000000000000       0xa3 /usr/lib/gcc/arm-none-eabi/8.3.1/thumb/v6-m/nofp/libgcc.a(_dvmd_tls.o)
 .debug_str     0x00000000000000a3      0x533 /usr/lib/gcc/arm-none-eabi/8.3.1/../../../arm-none-eabi/lib/thumb/v6-m/nofp/libc.a(lib_a-impure.o)
                                        0x599 (size before relaxing)
 .debug_str     0x00000000000005d6       0xc0 /usr/lib/gcc/arm-none-eabi/8.3.1/../../../arm-none-eabi/lib/thumb/v6-m/nofp/libc.a(lib_a-strlen-stub.o)
                                        0x5c2 (size before relaxing)
 .debug_str     0x0000000000000696       0xb8 /usr/lib/gcc/arm-none-eabi/8.3.1/../../../arm-none-eabi/lib/thumb/v6-m/nofp/libc.a(lib_a-strncpy.o)
                                        0x5c7 (size before relaxing)
 .debug_str     0x000000000000074e      0x119 /usr/lib/gcc/arm-none-eabi/8.3.1/../../../arm-none-eabi/lib/thumb/v6-m/nofp/libc.a(lib_a-strstr.o)
                                        0x6a1 (size before relaxing)
 .debug_str     0x0000000000000867      0x39c /usr/lib/gcc/arm-none-eabi/8.3.1/../../../arm-none-eabi/lib/thumb/v6-m/nofp/libc.a(lib_a-strtol.o)
                                        0x95c (size before relaxing)
 .debug_str     0x0000000000000c03       0x8b /usr/lib/gcc/arm-none-eabi/8.3.1/../../../arm-none-eabi/lib/thumb/v6-m/nofp/libc.a(lib_a-ctype_.o)
                                        0x8b1 (size before relaxing)
 .debug_str     0x0000000000000c8e       0x8a /usr/lib/gcc/arm-none-eabi/8.3.1/../../../arm-none-eabi/lib/thumb/v6-m/nofp/libc.a(lib_a-errno.o)
                                        0x5ab (size before relaxing)
 .debug_str     0x0000000000000d18       0x34 /usr/lib/gcc/arm-none-eabi/8.3.1/../../../arm-none-eabi/lib/thumb/v6-m/nofp/libc.a(lib_a-memcmp.o)
                                        0x59d (size before relaxing)
 .debug_str     0x0000000000000d4c       0x39 /usr/lib/gcc/arm-none-eabi/8.3.1/../../../arm-none-eabi/lib/thumb/v6-m/nofp/libc.a(lib_a-strchr.o)
                                        0x5a8 (size before relaxing)
 .debug_str     0x0000000000000d85       0x35 /usr/lib/gcc/arm-none-eabi/8.3.1/../../../arm-none-eabi/lib/thumb/v6-m/nofp/libc.a(lib_a-strnlen.o)
                                        0x5a5 (size before relaxing)

.debug_loc      0x0000000000000000     0x1f1f
 .debug_loc     0x0000000000000000       0xa3 /usr/lib/gcc/arm-none-eabi/8.3.1/../../../arm-none-eabi/lib/thumb/v6-m/nofp/libc.a(lib_a-strlen-stub.o)
 .debug_loc     0x00000000000000a3      0x20e /usr/lib/gcc/arm-none-eabi/8.3.1/../../../arm-none-eabi/lib/thumb/v6-m/nofp/libc.a(lib_a-strncpy.o)
 .debug_loc     0x00000000000002b1      0xf05 /usr/lib/gcc/arm-none-eabi/8.3.1/../../../arm-none-eabi/lib/thumb/v6-m/nofp/libc.a(lib_a-strstr.o)
 .debug_loc     0x00000000000011b6      0x8b3 /usr/lib/gcc/arm-none-eabi/8.3.1/../../../arm-none-eabi/lib/thumb/v6-m/nofp/libc.a(lib_a-strtol.o)
 .debug_loc     0x0000000000001a69      0x22d /usr/lib/gcc/arm-none-eabi/8.3.1/../../../arm-none-eabi/lib/thumb/v6-m/nofp/libc.a(lib_a-memcmp.o)
 .debug_loc     0x0000000000001c96      0x193 /usr/lib/gcc/arm-none-eabi/8.3.1/../../../arm-none-eabi/lib/thumb/v6-m/nofp/libc.a(lib_a-strchr.o)
 .debug_loc     0x0000000000001e29       0xf6 /usr/lib/gcc/arm-none-eabi/8.3.1/../../../arm-none-eabi/lib/thumb/v6-m/nofp/libc.a(lib_a-strnlen.o)

.debug_frame    0x0000000000000000      0x1e4
 .debug_frame   0x0000000000000000       0x28 /usr/lib/gcc/arm-none-eabi/8.3.1/../../../arm-none-eabi/lib/thumb/v6-m/nofp/libc.a(lib_a-strlen-stub.o)
 .debug_frame   0x0000000000000028       0x30 /usr/lib/gcc/arm-none-eabi/8.3.1/../../../arm-none-eabi/lib/thumb/v6-m/nofp/libc.a(lib_a-strncpy.o)
 .debug_frame   0x0000000000000058       0x64 /usr/lib/gcc/arm-none-eabi/8.3.1/../../../arm-none-eabi/lib/thumb/v6-m/nofp/libc.a(lib_a-strstr.o)
 .debug_frame   0x00000000000000bc       0x84 /usr/lib/gcc/arm-none-eabi/8.3.1/../../../arm-none-eabi/lib/thumb/v6-m/nofp/libc.a(lib_a-strtol.o)
 .debug_frame   0x0000000000000140       0x20 /usr/lib/gcc/arm-none-eabi/8.3.1/../../../arm-none-eabi/lib/thumb/v6-m/nofp/libc.a(lib_a-errno.o)
 .debug_frame   0x0000000000000160       0x2c /usr/lib/gcc/arm-none-eabi/8.3.1/../../../arm-none-eabi/lib/thumb/v6-m/nofp/libc.a(lib_a-memcmp.o)
 .debug_frame   0x000000000000018c       0x30 /usr/lib/gcc/arm-none-eabi/8.3.1/../../../arm-none-eabi/lib/thumb/v6-m/nofp/libc.a(lib_a-strchr.o)
 .debug_frame   0x00000000000001bc       0x28 /usr/lib/gcc/arm-none-eabi/8.3.1/../../../arm-none-eabi/lib/thumb/v6-m/nofp/libc.a(lib_a-strnlen.o)

.debug_ranges   0x0000000000000000       0xe0
 .debug_ranges  0x0000000000000000       0xb8 /usr/lib/gcc/arm-none-eabi/8.3.1/../../../arm-none-eabi/lib/thumb/v6-m/nofp/libc.a(lib_a-strstr.o)
 .debug_ranges  0x00000000000000b8       0x18 /usr/lib/gcc/arm-none-eabi/8.3.1/../../../arm-none-eabi/lib/thumb/v6-m/nofp/libc.a(lib_a-strtol.o)
 .debug_ranges  0x00000000000000d0       0x10 /usr/lib/gcc/arm-none-eabi/8.3.1/../../../arm-none-eabi/lib/thumb/v6-m/nofp/libc.a(lib_a-strnlen.o)
